
> rest-express@1.0.0 prebuild
> npm run typecheck


> rest-express@1.0.0 typecheck
> tsc --noEmit

client/src/components/admin/SuperAdminDistrictSwitcher.tsx(11,28): error TS2339: Property 'refreshDistrict' does not exist on type 'DistrictContextContract'.
client/src/components/AIRecommendations.tsx(27,28): error TS2345: Argument of type 'CanonicalEntity[]' is not assignable to parameter of type 'SetStateAction<AIRecommendation[]>'.
  Type 'CanonicalEntity[]' is not assignable to type 'AIRecommendation[]'.
    Property 'vendor' is missing in type 'CanonicalEntity' but required in type 'AIRecommendation'.
client/src/components/AIRecommendations.tsx(28,21): error TS2345: Argument of type 'CanonicalEntity[]' is not assignable to parameter of type 'SetStateAction<TrendingItem[]>'.
  Type 'CanonicalEntity[]' is not assignable to type 'TrendingItem[]'.
    Type 'CanonicalEntity' is missing the following properties from type 'TrendingItem': vendor, orderCount
client/src/components/AISearchTerminal.tsx(231,39): error TS2339: Property 'canonicalId' does not exist on type 'CanonicalEntity'.
client/src/components/AISearchTerminal.tsx(254,54): error TS7053: Element implicitly has an 'any' type because expression of type 'string' can't be used to index type '{ CALL_VENDOR: string; WHATSAPP_VENDOR: string; OPEN_MAPS: string; BOOK_VENDOR: string; EMERGENCY_CONTACT: string; NOTIFY_VENDOR: string; }'.
  No index signature with a parameter of type 'string' was found on type '{ CALL_VENDOR: string; WHATSAPP_VENDOR: string; OPEN_MAPS: string; BOOK_VENDOR: string; EMERGENCY_CONTACT: string; NOTIFY_VENDOR: string; }'.
client/src/components/home/SovereignProductCard.tsx(26,69): error TS2339: Property 'slug' does not exist on type '{ id: number; title: string; name?: string | undefined; price: string | number; mrp?: string | number | undefined; imageUrl?: string | null | undefined; category?: any; isTrending?: boolean | undefined; }'.
client/src/contexts/BrandingProvider.tsx(43,59): error TS2339: Property 'primaryColor' does not exist on type 'District'.
client/src/contexts/BrandingProvider.tsx(44,61): error TS2339: Property 'secondaryColor' does not exist on type 'District'.
client/src/contexts/BrandingProvider.tsx(47,68): error TS2339: Property 'primaryColor' does not exist on type 'District'.
client/src/contexts/BrandingProvider.tsx(48,70): error TS2339: Property 'secondaryColor' does not exist on type 'District'.
client/src/contexts/BrandingProvider.tsx(51,27): error TS2339: Property 'faviconUrl' does not exist on type 'District'.
client/src/contexts/BrandingProvider.tsx(52,39): error TS2339: Property 'faviconUrl' does not exist on type 'District'.
client/src/contexts/BrandingProvider.tsx(56,40): error TS2339: Property 'metaTitle' does not exist on type 'District'.
client/src/contexts/BrandingProvider.tsx(60,46): error TS2339: Property 'metaDescription' does not exist on type 'District'.
client/src/contexts/BrandingProvider.tsx(61,65): error TS2339: Property 'metaDescription' does not exist on type 'District'.
client/src/contexts/BrandingProvider.tsx(65,49): error TS2339: Property 'metaTitle' does not exist on type 'District'.
client/src/contexts/BrandingProvider.tsx(66,55): error TS2339: Property 'metaDescription' does not exist on type 'District'.
client/src/contexts/BrandingProvider.tsx(72,39): error TS2339: Property 'ogImageUrl' does not exist on type 'District'.
client/src/contexts/BrandingProvider.tsx(72,69): error TS2339: Property 'logoUrl' does not exist on type 'District'.
client/src/contexts/BrandingProvider.tsx(72,96): error TS2339: Property 'imageUrl' does not exist on type 'District'.
client/src/contexts/BrandingProvider.tsx(82,54): error TS2339: Property 'metaTitle' does not exist on type 'District'.
client/src/contexts/BrandingProvider.tsx(83,60): error TS2339: Property 'metaDescription' does not exist on type 'District'.
client/src/contexts/BrandingProvider.tsx(86,44): error TS2339: Property 'twitterImageUrl' does not exist on type 'District'.
client/src/contexts/BrandingProvider.tsx(86,79): error TS2339: Property 'ogImageUrl' does not exist on type 'District'.
client/src/contexts/BrandingProvider.tsx(86,109): error TS2339: Property 'logoUrl' does not exist on type 'District'.
client/src/contexts/BrandingProvider.tsx(94,27): error TS2339: Property 'contactNumber' does not exist on type 'District'.
client/src/contexts/BrandingProvider.tsx(95,50): error TS2339: Property 'contactNumber' does not exist on type 'District'.
client/src/contexts/BrandingProvider.tsx(108,27): error TS2339: Property 'description' does not exist on type 'District'.
client/src/contexts/BrandingProvider.tsx(109,140): error TS2339: Property 'state' does not exist on type 'District'.
client/src/core/district-intelligence/alerts/classification-foundation.ts(8,46): error TS2307: Cannot find module '../../shared/district-intelligence/types' or its corresponding type declarations.
client/src/core/district-intelligence/analytics/health-metrics-foundation.ts(8,40): error TS2307: Cannot find module '../../shared/district-intelligence/types' or its corresponding type declarations.
client/src/core/district-intelligence/analytics/intelligence-aggregation.ts(8,41): error TS2307: Cannot find module '../../shared/district-intelligence/types' or its corresponding type declarations.
client/src/core/district-intelligence/insights/generation-foundation.ts(8,97): error TS2307: Cannot find module '../types' or its corresponding type declarations.
client/src/core/district-intelligence/summaries/intelligence-api-foundation.ts(111,13): error TS2304: Cannot find name 'AlertTrend'.
client/src/core/district-intelligence/summaries/intelligence-api-foundation.ts(264,8): error TS2307: Cannot find module '../../shared/district-intelligence/types' or its corresponding type declarations.
client/src/core/execution-engine/metrics.ts(9,37): error TS2307: Cannot find module '../execution/types' or its corresponding type declarations.
client/src/core/execution-engine/ranking-preparation.ts(69,12): error TS2304: Cannot find name 'VendorInteractionMetrics'.
client/src/core/ranking-engine/adaptive/architecture-preparation.ts(9,92): error TS2307: Cannot find module '../../ranking/types' or its corresponding type declarations.
client/src/core/ranking-engine/adaptive/architecture-preparation.ts(10,36): error TS2307: Cannot find module './vendor-trust-aggregation' or its corresponding type declarations.
client/src/core/ranking-engine/adaptive/architecture-preparation.ts(11,37): error TS2307: Cannot find module './failure-intelligence' or its corresponding type declarations.
client/src/core/ranking-engine/signals/aggregation-foundation.ts(9,80): error TS2307: Cannot find module '../ranking/types' or its corresponding type declarations.
client/src/core/ranking-engine/trust/failure-intelligence.ts(9,33): error TS2307: Cannot find module '../../execution/types' or its corresponding type declarations.
client/src/core/ranking-engine/trust/failure-intelligence.ts(10,50): error TS2307: Cannot find module '../types' or its corresponding type declarations.
client/src/core/ranking-engine/trust/vendor-trust-aggregation.ts(9,58): error TS2307: Cannot find module '../../execution/types' or its corresponding type declarations.
client/src/core/ranking-engine/trust/vendor-trust-aggregation.ts(10,46): error TS2307: Cannot find module '../../ranking/types' or its corresponding type declarations.
client/src/lib/ai-brain.ts(263,45): error TS2339: Property 'rating' does not exist on type 'AISearchResult | AIRecommendation | TrendingItem'.
  Property 'rating' does not exist on type 'AISearchResult'.
client/src/pages/admin/Admin.tsx(7,25): error TS2307: Cannot find module './VendorPanel' or its corresponding type declarations.
client/src/pages/admin/Admin.tsx(11,26): error TS2307: Cannot find module './ReviewsPanel' or its corresponding type declarations.
client/src/pages/admin/Admin.tsx(12,26): error TS2307: Cannot find module './BannersPanel' or its corresponding type declarations.
client/src/pages/admin/AdminLayout.tsx(7,26): error TS2307: Cannot find module '../../components/admin/StickyAlerts' or its corresponding type declarations.
client/src/pages/admin/Dashboard.tsx(3,27): error TS2307: Cannot find module '@/components/ui/glass-card' or its corresponding type declarations.
client/src/pages/archive/legacy/ai-monitoring.tsx(156,18): error TS2345: Argument of type '{}' is not assignable to parameter of type 'SetStateAction<AIMetrics | null>'.
client/src/pages/archive/legacy/ai-monitoring.tsx(157,20): error TS2345: Argument of type 'never[]' is not assignable to parameter of type 'SetStateAction<TrendData | null>'.
client/src/pages/archive/legacy/ai-monitoring.tsx(162,22): error TS2554: Expected 2 arguments, but got 1.
client/src/pages/archive/legacy/ai-monitoring.tsx(163,22): error TS2554: Expected 2 arguments, but got 1.
client/src/pages/archive/legacy/ai-monitoring.tsx(192,24): error TS2554: Expected 2 arguments, but got 1.
client/src/pages/archive/legacy/ai-monitoring.tsx(203,24): error TS2554: Expected 2 arguments, but got 1.
client/src/pages/archive/legacy/BannersPanel.tsx(3,25): error TS2307: Cannot find module './AdminLayout' or its corresponding type declarations.
client/src/pages/archive/legacy/ReviewsPanel.tsx(3,25): error TS2307: Cannot find module './AdminLayout' or its corresponding type declarations.
client/src/pages/archive/legacy/VendorPanel.tsx(3,25): error TS2307: Cannot find module './AdminLayout' or its corresponding type declarations.
client/src/pages/shop-detail.tsx(38,24): error TS2304: Cannot find name 'apiRequest'.
client/src/pages/shop-detail.tsx(77,9): error TS2322: Type 'number | undefined' is not assignable to type 'number'.
  Type 'undefined' is not assignable to type 'number'.
client/src/pages/shop-detail.tsx(114,13): error TS2339: Property 'type' does not exist on type 'CanonicalVendorEntity'.
client/src/pages/shop-detail.tsx(234,32): error TS2304: Cannot find name 'apiRequest'.
client/src/pages/shop-detail.tsx(270,42): error TS2551: Property 'image' does not exist on type 'CanonicalVendorEntity'. Did you mean 'images'?
client/src/pages/shop-detail.tsx(272,34): error TS2551: Property 'image' does not exist on type 'CanonicalVendorEntity'. Did you mean 'images'?
client/src/pages/shop-detail.tsx(322,49): error TS2339: Property 'safetyBadges' does not exist on type 'CanonicalVendorEntity'.
client/src/pages/shop-detail.tsx(443,49): error TS2339: Property 'safetyBadges' does not exist on type 'CanonicalVendorEntity'.
client/src/shared/api/response-normalizers.ts(158,3): error TS2300: Duplicate identifier 'recommendations'.
client/src/shared/api/response-normalizers.ts(191,3): error TS2300: Duplicate identifier 'recommendations'.
client/src/shared/district-intelligence/types.ts(109,18): error TS2430: Interface 'LocalityInsight' incorrectly extends interface 'DistrictInsight'.
  Types of property 'locality' are incompatible.
    Type '{ name: string; type: "mixed" | "residential" | "commercial"; activityLevel: number; dominantCategories: string[]; trustDensity: number; demandIntensity: number; executionSuccess: number; shortages: string[]; opportunities: string[]; }' is not assignable to type 'string'.
server/ai/provider-manager.ts(15,20): error TS2307: Cannot find module 'openai' or its corresponding type declarations.
server/ai/provider-manager.ts(17,23): error TS2307: Cannot find module '@anthropic-ai/sdk' or its corresponding type declarations.
server/auth/middleware.ts(106,27): error TS2339: Property 'tokenVersion' does not exist on type '{ username: string; districtId: number | null; role: string; id: number; password: string; isAdmin: boolean; shopName: string | null; shopAddress: string | null; mapsLink: string | null; ... 8 more ...; consentGiven: boolean; }'.
server/auth/middleware.ts(127,28): error TS2339: Property 'tokenVersion' does not exist on type '{ username: string; districtId: number | null; role: string; id: number; password: string; isAdmin: boolean; shopName: string | null; shopAddress: string | null; mapsLink: string | null; ... 8 more ...; consentGiven: boolean; }'.
server/auth/middleware.ts(311,42): error TS2339: Property 'tokenVersion' does not exist on type '{ username: string; districtId: number | null; role: string; id: number; password: string; isAdmin: boolean; shopName: string | null; shopAddress: string | null; mapsLink: string | null; ... 8 more ...; consentGiven: boolean; }'.
server/auth/middleware.ts(322,30): error TS2339: Property 'tokenVersion' does not exist on type '{ username: string; districtId: number | null; role: string; id: number; password: string; isAdmin: boolean; shopName: string | null; shopAddress: string | null; mapsLink: string | null; ... 8 more ...; consentGiven: boolean; }'.
server/events/index.ts(129,7): error TS2322: Type 'EventType' is not assignable to type 'EventType.ORDER_CREATED | EventType.ORDER_CONFIRMED | EventType.ORDER_PREPARING | EventType.ORDER_READY | EventType.ORDER_SHIPPED | EventType.ORDER_DELIVERED | EventType.ORDER_CANCELLED | EventType.ORDER_REFUNDED | ... 7 more ... | EventType.LOW_STOCK_ALERT'.
server/events/index.ts(132,7): error TS2322: Type '{ orderId: number; }' is not assignable to type '{ orderId: number; userId?: number | undefined; totalAmountPaisa: number; itemCount: number; vendorIds: number[]; } | { orderId: number; amountPaisa: number; method: string; transactionId?: string | undefined; } | { ...; }'.
  Type '{ orderId: number; }' is missing the following properties from type '{ orderId: number; amountPaisa: number; method: string; transactionId?: string | undefined; }': amountPaisa, method
server/index.ts(526,35): error TS2304: Cannot find name 'findPaymentByOrderId'.
server/index.ts(544,26): error TS2304: Cannot find name 'findUserById'.
server/index.ts(553,13): error TS2552: Cannot find name 'upgradeUserSubscription'. Did you mean 'PushSubscription'?
server/lib/cognition/confidence.engine.ts(6,10): error TS2305: Module '"./ranking.engine"' has no exported member 'CognitionResult'.
server/lib/cognition/grounding.engine.ts(44,7): error TS2353: Object literal may only specify known properties, and 'entity' does not exist in type 'Partial<LogContext>'.
server/lib/cognition/grounding.engine.ts(65,27): error TS7006: Parameter 'st' implicitly has an 'any' type.
server/lib/cognition/grounding.engine.ts(68,9): error TS2353: Object literal may only specify known properties, and 'term' does not exist in type 'Partial<LogContext>'.
server/lib/cognition/grounding.engine.ts(79,5): error TS2353: Object literal may only specify known properties, and 'searchTermsCount' does not exist in type 'Partial<LogContext>'.
server/lib/cognition/grounding.engine.ts(83,7): error TS7034: Variable 'allEntities' implicitly has type 'any[]' in some locations where its type cannot be determined.
server/lib/cognition/grounding.engine.ts(94,32): error TS7005: Variable 'allEntities' implicitly has an 'any[]' type.
server/lib/cognition/grounding.engine.ts(121,32): error TS7005: Variable 'allEntities' implicitly has an 'any[]' type.
server/lib/cognition/grounding.engine.ts(126,9): error TS2353: Object literal may only specify known properties, and 'domain' does not exist in type 'Partial<LogContext>'.
server/lib/cognition/grounding.engine.ts(136,5): error TS7005: Variable 'allEntities' implicitly has an 'any[]' type.
server/lib/cognition/index.ts(11,1): error TS2308: Module './intent.engine' has already exported a member named 'ENGINE_VERSION'. Consider explicitly re-exporting to resolve the ambiguity.
server/lib/cognition/index.ts(12,1): error TS2308: Module './intent.engine' has already exported a member named 'ENGINE_VERSION'. Consider explicitly re-exporting to resolve the ambiguity.
server/lib/cognition/index.ts(12,1): error TS2308: Module './intent.engine' has already exported a member named 'IntentClassification'. Consider explicitly re-exporting to resolve the ambiguity.
server/lib/cognition/index.ts(12,1): error TS2308: Module './intent.engine' has already exported a member named 'QueryIntent'. Consider explicitly re-exporting to resolve the ambiguity.
server/lib/cognition/index.ts(13,1): error TS2308: Module './intent.engine' has already exported a member named 'ENGINE_VERSION'. Consider explicitly re-exporting to resolve the ambiguity.
server/lib/cognition/index.ts(14,1): error TS2308: Module './intent.engine' has already exported a member named 'ENGINE_VERSION'. Consider explicitly re-exporting to resolve the ambiguity.
server/lib/cognition/index.ts(15,1): error TS2308: Module './intent.engine' has already exported a member named 'ENGINE_VERSION'. Consider explicitly re-exporting to resolve the ambiguity.
server/lib/cognition/no-result-orchestrator.ts(58,9): error TS2353: Object literal may only specify known properties, and 'unmetDemand' does not exist in type 'TelemetryContext'.
server/lib/cognition/response-finalizer.ts(27,32): error TS2345: Argument of type '"INTERNAL_ERROR"' is not assignable to parameter of type 'ErrorCode'.
server/lib/cognition/response-synthesis.engine.ts(141,63): error TS7006: Parameter 't' implicitly has an 'any' type.
server/lib/cognition/response-synthesis.engine.ts(149,19): error TS7006: Parameter 'g' implicitly has an 'any' type.
server/lib/cognition/response-synthesis.engine.ts(153,19): error TS7006: Parameter 't' implicitly has an 'any' type.
server/lib/cognition/response-synthesis.engine.ts(161,82): error TS7006: Parameter 't' implicitly has an 'any' type.
server/lib/cognition/response-synthesis.engine.ts(173,72): error TS7006: Parameter 't' implicitly has an 'any' type.
server/lib/cognition/runtime-orchestrator.ts(80,5): error TS2353: Object literal may only specify known properties, and 'fromStage' does not exist in type 'Partial<LogContext>'.
server/lib/cognition/runtime-orchestrator.ts(121,5): error TS2353: Object literal may only specify known properties, and 'failedStage' does not exist in type 'Partial<LogContext>'.
server/lib/cognition/runtime-orchestrator.ts(159,3): error TS2554: Expected 3 arguments, but got 2.
server/lib/cognition/runtime-orchestrator.ts(160,3): error TS2554: Expected 3 arguments, but got 2.
server/lib/cognition/runtime-orchestrator.ts(165,7): error TS2554: Expected 3 arguments, but got 2.
server/lib/cognition/runtime-orchestrator.ts(168,7): error TS2554: Expected 3 arguments, but got 2.
server/lib/cognition/runtime-orchestrator.ts(171,7): error TS2554: Expected 3 arguments, but got 2.
server/lib/cognition/runtime-orchestrator.ts(174,7): error TS2554: Expected 3 arguments, but got 2.
server/lib/cognition/runtime-orchestrator.ts(222,9): error TS2353: Object literal may only specify known properties, and 'stage' does not exist in type 'Partial<LogContext>'.
server/lib/cognition/runtime-state.ts(128,5): error TS2740: Type '{ INIT: { startedAt: number; }; }' is missing the following properties from type 'Record<CognitionStage, StageMetrics>': NORMALIZATION, INTENT_PARSING, DOMAIN_CLASSIFICATION, GROUNDING, and 8 more.
server/lib/cognition/telemetry.engine.ts(52,7): error TS2353: Object literal may only specify known properties, and 'uiResultsCount' does not exist in type 'Partial<LogContext>'.
server/lib/cognition/telemetry.engine.ts(67,7): error TS2353: Object literal may only specify known properties, and 'query' does not exist in type 'Partial<LogContext>'.
server/lib/entityNormalization.ts(58,3): error TS1117: An object literal cannot have multiple properties with the same name.
server/lib/grounding/transport-adapter.ts(62,11): error TS2322: Type '{ id: string; fromCity: string; toCity: string; time: string; price: string; type: string | null; routeDescription: string; grounded: true; source: "bus_timetable"; }[]' is not assignable to type 'TransportResult[]'.
  Type '{ id: string; fromCity: string; toCity: string; time: string; price: string; type: string | null; routeDescription: string; grounded: true; source: "bus_timetable"; }' is not assignable to type 'TransportResult'.
    Types of property 'type' are incompatible.
      Type 'string | null' is not assignable to type 'string'.
        Type 'null' is not assignable to type 'string'.
server/lib/humanization.ts(115,27): error TS7053: Element implicitly has an 'any' type because expression of type 'ConversationalIntent' can't be used to index type '{ GREETING: string[]; FAREWELL: string[]; THANKS: string[]; APOLOGY: string[]; HELP: string[]; STATUS: string[]; CONVERSATION: string[]; }'.
  Property '[ConversationalIntent.UNKNOWN]' does not exist on type '{ GREETING: string[]; FAREWELL: string[]; THANKS: string[]; APOLOGY: string[]; HELP: string[]; STATUS: string[]; CONVERSATION: string[]; }'.
server/lib/observability.ts(4,35): error TS2307: Cannot find module './errors' or its corresponding type declarations.
server/lib/realtime.ts(69,18): error TS2339: Property 'sovereignEvent' does not exist on type 'PrismaClient<PrismaClientOptions, never, DefaultArgs>'.
server/middleware/sovereign-logger.ts(8,7): error TS2322: Type '{ type: string; districtId: any; metadata: { duration: number; status: any; intent: any; }; }' is not assignable to type '(Without<EventLogCreateInput, EventLogUncheckedCreateInput> & EventLogUncheckedCreateInput) | (Without<...> & EventLogCreateInput)'.
  Type '{ type: string; districtId: any; metadata: { duration: number; status: any; intent: any; }; }' is not assignable to type 'Without<EventLogUncheckedCreateInput, EventLogCreateInput> & EventLogCreateInput'.
    Type '{ type: string; districtId: any; metadata: { duration: number; status: any; intent: any; }; }' is missing the following properties from type 'EventLogCreateInput': eventType, eventSource
server/minimal-test-server.ts(36,38): error TS2339: Property 'code' does not exist on type 'Error'.
server/repositories/product.repo.ts(27,14): error TS2353: Object literal may only specify known properties, and 'districtId' does not exist in type 'ProductWhereInput'.
server/repositories/product.repo.ts(39,7): error TS2353: Object literal may only specify known properties, and 'slug' does not exist in type 'ProductWhereInput'.
server/repositories/product.repo.ts(77,7): error TS2353: Object literal may only specify known properties, and 'districtId' does not exist in type 'ProductWhereInput'.
server/repositories/vendor.repo.ts(28,7): error TS2353: Object literal may only specify known properties, and 'isSponsored' does not exist in type 'VendorSelect<DefaultArgs>'.
server/repositories/vendor.repo.ts(91,7): error TS2353: Object literal may only specify known properties, and 'isSponsored' does not exist in type 'VendorSelect<DefaultArgs>'.
server/repositories/vendor.repo.ts(121,9): error TS2353: Object literal may only specify known properties, and 'type' does not exist in type 'VendorSelect<DefaultArgs>'.
server/routes/admin.routes.ts(13,10): error TS2614: Module '"./ai/dssl.engine"' has no exported member 'calculateDSSLScore'. Did you mean to use 'import calculateDSSLScore from "./ai/dssl.engine"' instead?
server/routes/admin.routes.ts(179,47): error TS2769: No overload matches this call.
  Overload 1 of 3, '(callbackfn: (previousValue: unknown, currentValue: unknown, currentIndex: number, array: unknown[]) => unknown, initialValue: unknown): unknown', gave the following error.
    Argument of type '(a: number, b: number) => number' is not assignable to parameter of type '(previousValue: unknown, currentValue: unknown, currentIndex: number, array: unknown[]) => unknown'.
      Types of parameters 'a' and 'previousValue' are incompatible.
        Type 'unknown' is not assignable to type 'number'.
  Overload 2 of 3, '(callbackfn: (previousValue: number, currentValue: unknown, currentIndex: number, array: unknown[]) => number, initialValue: number): number', gave the following error.
    Argument of type '(a: number, b: number) => number' is not assignable to parameter of type '(previousValue: number, currentValue: unknown, currentIndex: number, array: unknown[]) => number'.
      Types of parameters 'b' and 'currentValue' are incompatible.
        Type 'unknown' is not assignable to type 'number'.
server/routes/admin.routes.ts(180,9): error TS18046: 'sum' is of type 'unknown'.
server/routes/admin.routes.ts(180,21): error TS18046: 'sum' is of type 'unknown'.
server/routes/admin.routes.ts(190,34): error TS2339: Property 'config' does not exist on type '{ id: number; createdAt: Date; updatedAt: Date; name: string; slug: string; state: string; primaryColor: string; secondaryColor: string; logoUrl: string | null; faviconUrl: string | null; ... 5 more ...; metaDescription: string | null; }'.
server/routes/admin.routes.ts(190,60): error TS2339: Property 'config' does not exist on type '{ id: number; createdAt: Date; updatedAt: Date; name: string; slug: string; state: string; primaryColor: string; secondaryColor: string; logoUrl: string | null; faviconUrl: string | null; ... 5 more ...; metaDescription: string | null; }'.
server/routes/admin.routes.ts(190,107): error TS2339: Property 'config' does not exist on type '{ id: number; createdAt: Date; updatedAt: Date; name: string; slug: string; state: string; primaryColor: string; secondaryColor: string; logoUrl: string | null; faviconUrl: string | null; ... 5 more ...; metaDescription: string | null; }'.
server/routes/admin.routes.ts(190,127): error TS2339: Property 'config' does not exist on type '{ id: number; createdAt: Date; updatedAt: Date; name: string; slug: string; state: string; primaryColor: string; secondaryColor: string; logoUrl: string | null; faviconUrl: string | null; ... 5 more ...; metaDescription: string | null; }'.
server/routes/admin.routes.ts(199,15): error TS2353: Object literal may only specify known properties, and 'config' does not exist in type '(Without<DistrictUpdateInput, DistrictUncheckedUpdateInput> & DistrictUncheckedUpdateInput) | (Without<...> & DistrictUpdateInput)'.
server/routes/admin.routes.ts(263,55): error TS18048: 'req.user' is possibly 'undefined'.
server/routes/admin.routes.ts(263,64): error TS2339: Property 'id' does not exist on type 'JWTPayload'.
server/routes/admin.routes.ts(274,9): error TS18048: 'req.user' is possibly 'undefined'.
server/routes/admin.routes.ts(274,18): error TS2339: Property 'isAdmin' does not exist on type 'JWTPayload'.
server/routes/admin.routes.ts(274,29): error TS18048: 'req.user' is possibly 'undefined'.
server/routes/admin.routes.ts(274,52): error TS18048: 'req.user' is possibly 'undefined'.
server/routes/admin.routes.ts(293,20): error TS18048: 'req.user' is possibly 'undefined'.
server/routes/admin.routes.ts(293,29): error TS2339: Property 'id' does not exist on type 'JWTPayload'.
server/routes/admin.routes.ts(295,11): error TS2353: Object literal may only specify known properties, and 'targetId' does not exist in type '(Without<AdminLogCreateInput, AdminLogUncheckedCreateInput> & AdminLogUncheckedCreateInput) | (Without<...> & AdminLogCreateInput)'.
server/routes/admin.routes.ts(318,50): error TS18048: 'req.user' is possibly 'undefined'.
server/routes/admin.routes.ts(318,59): error TS2339: Property 'id' does not exist on type 'JWTPayload'.
server/routes/admin.routes.ts(343,21): error TS2353: Object literal may only specify known properties, and 'name' does not exist in type 'AdminSelect<DefaultArgs>'.
server/routes/admin.routes.ts(434,54): error TS2307: Cannot find module '../../services/signal.engine' or its corresponding type declarations.
server/routes/admin.routes.ts(451,42): error TS2307: Cannot find module '../../services/weight.tuner' or its corresponding type declarations.
server/routes/admin.routes.ts(474,31): error TS2339: Property 'enabled' does not exist on type 'string | number | boolean | JsonObject | JsonArray'.
  Property 'enabled' does not exist on type 'string'.
server/routes/admin.routes.ts(523,27): error TS2353: Object literal may only specify known properties, and 'name' does not exist in type 'UserSelect<DefaultArgs>'.
server/routes/admin.routes.ts(576,34): error TS2353: Object literal may only specify known properties, and 'conversionRate' does not exist in type 'VendorAvgAggregateInputType'.
server/routes/admin.routes.ts(602,28): error TS18048: 'dsslStats._avg' is possibly 'undefined'.
server/routes/admin.routes.ts(603,34): error TS18048: 'dsslStats._avg' is possibly 'undefined'.
server/routes/admin.routes.ts(603,49): error TS2339: Property 'conversionRate' does not exist on type '{ id?: number | null | undefined; aiRankScore?: number | null | undefined; rating?: number | null | undefined; districtId?: number | null | undefined; dsslScore?: number | null | undefined; ... 5 more ...; userId?: number | ... 1 more ... | undefined; }'.
server/routes/admin.routes.ts(619,22): error TS18048: 'dsslStats._count' is possibly 'undefined'.
server/routes/admin.routes.ts(619,39): error TS2339: Property 'dsslScore' does not exist on type 'true | { id?: number | undefined; name?: number | undefined; slug?: number | undefined; description?: number | undefined; logo?: number | undefined; address?: number | undefined; isVerified?: number | undefined; ... 36 more ...; _all?: number | undefined; }'.
  Property 'dsslScore' does not exist on type 'true'.
server/routes/admin.routes.ts(646,16): error TS2353: Object literal may only specify known properties, and 'riskScore' does not exist in type 'UserIntelligenceWhereInput'.
server/routes/admin.routes.ts(653,13): error TS2322: Type 'null' is not assignable to type 'string | StringFilter<"Vendor"> | undefined'.
server/routes/admin.routes.ts(654,13): error TS2322: Type 'null' is not assignable to type 'string | StringFilter<"Vendor"> | undefined'.
server/routes/admin.routes.ts(662,16): error TS2353: Object literal may only specify known properties, and 'fraudScore' does not exist in type 'VendorWhereInput'.
server/routes/admin.routes.ts(792,56): error TS2353: Object literal may only specify known properties, and 'fraudScore' does not exist in type 'VendorSelect<DefaultArgs>'.
server/routes/admin.routes.ts(804,56): error TS2353: Object literal may only specify known properties, and 'fraudScore' does not exist in type 'VendorSelect<DefaultArgs>'.
server/routes/admin.routes.ts(822,9): error TS2561: Object literal may only specify known properties, but 'vendor' does not exist in type 'OrderWhereInput'. Did you mean to write 'vendorId'?
server/routes/admin.routes.ts(825,15): error TS2353: Object literal may only specify known properties, and 'totalAmount' does not exist in type 'OrderSumAggregateInputType'.
server/routes/admin.routes.ts(831,28): error TS2353: Object literal may only specify known properties, and 'fraudScore' does not exist in type 'VendorWhereInput'.
server/routes/admin.routes.ts(855,28): error TS18048: 'orderStats._sum' is possibly 'undefined'.
server/routes/admin.routes.ts(855,44): error TS2339: Property 'totalAmount' does not exist on type '{ id?: number | null | undefined; userId?: number | null | undefined; productId?: number | null | undefined; vendorId?: number | null | undefined; districtId?: number | null | undefined; quantity?: number | ... 1 more ... | undefined; totalPrice?: number | ... 1 more ... | undefined; }'.
server/routes/admin.routes.ts(873,9): error TS2353: Object literal may only specify known properties, and 'email' does not exist in type 'UserSelect<DefaultArgs>'.
server/routes/admin.routes.ts(982,16): error TS2339: Property 'searchText' does not exist on type '{ name: any; slug: any; category: any; status: string; dsslScore: number; districtId: number; businessType: string; images: never[]; specialties: never[]; safetyBadges: string[]; }'.
server/routes/admin.routes.ts(986,7): error TS2353: Object literal may only specify known properties, and 'districtSlug' does not exist in type '{ name: string; category: string; businessType?: string | undefined; type?: string | undefined; description?: string | undefined; address?: string | undefined; locality?: string | undefined; landmark?: string | undefined; districtId?: number | undefined; }'.
server/routes/admin.routes.ts(990,7): error TS2322: Type '{ name: any; slug: any; category: any; status: string; dsslScore: number; districtId: number; businessType: string; images: never[]; specialties: never[]; safetyBadges: string[]; }' is not assignable to type '(Without<VendorCreateInput, VendorUncheckedCreateInput> & VendorUncheckedCreateInput) | (Without<...> & VendorCreateInput)'.
  Type '{ name: any; slug: any; category: any; status: string; dsslScore: number; districtId: number; businessType: string; images: never[]; specialties: never[]; safetyBadges: string[]; }' is not assignable to type 'Without<VendorCreateInput, VendorUncheckedCreateInput> & VendorUncheckedCreateInput'.
    Type '{ name: any; slug: any; category: any; status: string; dsslScore: number; districtId: number; businessType: string; images: never[]; specialties: never[]; safetyBadges: string[]; }' is not assignable to type 'VendorUncheckedCreateInput'.
      Types of property 'businessType' are incompatible.
        Type 'string' is not assignable to type 'BusinessType | undefined'.
server/routes/admin.routes.ts(1015,13): error TS2339: Property 'orderCount' does not exist on type '{ userId: number | null; districtId: number | null; category: string | null; id: number; createdAt: Date; updatedAt: Date; name: string; slug: string; description: string | null; ... 33 more ...; whatsappNotifications: boolean; }'.
server/routes/admin.routes.ts(1101,13): error TS2561: Object literal may only specify known properties, but 'fraudHistory' does not exist in type 'UserCountOutputTypeSelect<DefaultArgs>'. Did you mean to write 'fraudHistories'?
server/routes/admin.routes.ts(1112,19): error TS2339: Property 'userIntelligence' does not exist on type '{ username: string; districtId: number | null; role: string; id: number; password: string; isAdmin: boolean; shopName: string | null; shopAddress: string | null; mapsLink: string | null; ... 8 more ...; consentGiven: boolean; }'.
server/routes/admin.routes.ts(1135,40): error TS2552: Cannot find name 'getFalsePositiveMetrics'. Did you mean 'falsePositiveMetrics'?
server/routes/admin.routes.ts(1154,31): error TS2339: Property 'id' does not exist on type 'JWTPayload'.
server/routes/admin.routes.ts(1245,56): error TS2339: Property 'flags' does not exist on type '{ userId: number | null; id: number; createdAt: Date; vendorId: number | null; details: JsonValue; eventType: string; riskScore: number; }'.
server/routes/admin.routes.ts(1246,55): error TS2339: Property 'flags' does not exist on type '{ userId: number | null; id: number; createdAt: Date; vendorId: number | null; details: JsonValue; eventType: string; riskScore: number; }'.
server/routes/admin.routes.ts(1247,64): error TS2339: Property 'score' does not exist on type '{ userId: number | null; id: number; createdAt: Date; vendorId: number | null; details: JsonValue; eventType: string; riskScore: number; }'.
server/routes/admin.routes.ts(1306,28): error TS2339: Property 'id' does not exist on type 'JWTPayload'.
server/routes/admin.routes.ts(1308,9): error TS2353: Object literal may only specify known properties, and 'targetId' does not exist in type '(Without<AdminLogCreateInput, AdminLogUncheckedCreateInput> & AdminLogUncheckedCreateInput) | (Without<...> & AdminLogCreateInput)'.
server/routes/admin.routes.ts(1331,21): error TS2353: Object literal may only specify known properties, and 'username' does not exist in type 'AdminSelect<DefaultArgs>'.
server/routes/admin.routes.ts(1416,13): error TS2353: Object literal may only specify known properties, and 'riskScore' does not exist in type 'UserIntelligenceWhereInput'.
server/routes/admin.routes.ts(1417,13): error TS2353: Object literal may only specify known properties, and 'trustScore' does not exist in type 'UserIntelligenceWhereInput'.
server/routes/admin.routes.ts(1425,13): error TS2353: Object literal may only specify known properties, and 'fraudScore' does not exist in type 'VendorWhereInput'.
server/routes/admin/admin.routes.ts(86,9): error TS2322: Type '{ vendor?: undefined; score: { gte: number; }; } | { vendor: { districtId: number; }; score: { gte: number; }; }' is not assignable to type 'FraudHistoryWhereInput | undefined'.
  Object literal may only specify known properties, and 'score' does not exist in type 'FraudHistoryWhereInput'.
server/routes/admin/admin.routes.ts(95,52): error TS2339: Property 'flags' does not exist on type '{ userId: number | null; id: number; createdAt: Date; vendorId: number | null; details: JsonValue; eventType: string; riskScore: number; }'.
server/routes/admin/admin.routes.ts(158,9): error TS2353: Object literal may only specify known properties, and 'vendor' does not exist in type 'OrderInclude<DefaultArgs>'.
server/routes/admin/admin.routes.ts(185,23): error TS2339: Property 'user' does not exist on type '{ userId: number | null; districtId: number | null; id: number; createdAt: Date; updatedAt: Date; vendorId: number | null; status: string; productId: number; quantity: number; ... 6 more ...; paymentId: string | null; }'.
server/routes/admin/admin.routes.ts(186,21): error TS2551: Property 'vendor' does not exist on type '{ userId: number | null; districtId: number | null; id: number; createdAt: Date; updatedAt: Date; vendorId: number | null; status: string; productId: number; quantity: number; ... 6 more ...; paymentId: string | null; }'. Did you mean 'vendorId'?
server/routes/admin/admin.routes.ts(216,41): error TS2554: Expected 1 arguments, but got 2.
server/routes/admin/admin.routes.ts(283,9): error TS2353: Object literal may only specify known properties, and 'targetId' does not exist in type '(Without<adminActionLogCreateInput, adminActionLogUncheckedCreateInput> & adminActionLogUncheckedCreateInput) | (Without<...> & adminActionLogCreateInput)'.
server/routes/admin/admin.routes.ts(293,21): error TS2554: Expected 2-3 arguments, but got 1.
server/routes/admin/admin.routes.ts(328,15): error TS2322: Type '"BANNED"' is not assignable to type 'VendorStatus | EnumVendorStatusFieldUpdateOperationsInput | undefined'.
server/routes/admin/admin.routes.ts(336,9): error TS2353: Object literal may only specify known properties, and 'targetId' does not exist in type '(Without<adminActionLogCreateInput, adminActionLogUncheckedCreateInput> & adminActionLogUncheckedCreateInput) | (Without<...> & adminActionLogCreateInput)'.
server/routes/admin/admin.routes.ts(387,9): error TS2353: Object literal may only specify known properties, and 'targetId' does not exist in type '(Without<adminActionLogCreateInput, adminActionLogUncheckedCreateInput> & adminActionLogUncheckedCreateInput) | (Without<...> & adminActionLogCreateInput)'.
server/routes/admin/admin.routes.ts(415,7): error TS2559: Type '(req: any, res: any) => Promise<any>' has no properties in common with type 'ProductWhereInput'.
server/routes/admin/admin.routes.ts(415,50): error TS2554: Expected 1 arguments, but got 2.
server/routes/admin/admin.routes.ts(440,7): error TS2559: Type '(req: any, res: any) => Promise<any>' has no properties in common with type 'ProductWhereInput'.
server/routes/admin/admin.routes.ts(440,31): error TS2554: Expected 1 arguments, but got 2.
server/routes/admin/admin.routes.ts(494,9): error TS2353: Object literal may only specify known properties, and 'targetId' does not exist in type '(Without<adminActionLogCreateInput, adminActionLogUncheckedCreateInput> & adminActionLogUncheckedCreateInput) | (Without<...> & adminActionLogCreateInput)'.
server/routes/admin/admin.routes.ts(551,9): error TS2353: Object literal may only specify known properties, and 'targetId' does not exist in type '(Without<adminActionLogCreateInput, adminActionLogUncheckedCreateInput> & adminActionLogUncheckedCreateInput) | (Without<...> & adminActionLogCreateInput)'.
server/routes/admin/admin.routes.ts(606,9): error TS2353: Object literal may only specify known properties, and 'targetId' does not exist in type '(Without<adminActionLogCreateInput, adminActionLogUncheckedCreateInput> & adminActionLogUncheckedCreateInput) | (Without<...> & adminActionLogCreateInput)'.
server/routes/admin/admin.routes.ts(688,9): error TS2322: Type '{ isShadowBanned: true; status: "BANNED" | "SUSPENDED"; }' is not assignable to type '(Without<VendorUpdateInput, VendorUncheckedUpdateInput> & VendorUncheckedUpdateInput) | (Without<...> & VendorUpdateInput)'.
  Type '{ isShadowBanned: true; status: "BANNED" | "SUSPENDED"; }' is not assignable to type 'Without<VendorUncheckedUpdateInput, VendorUpdateInput> & VendorUpdateInput'.
    Types of property 'status' are incompatible.
      Type '"BANNED" | "SUSPENDED"' is not assignable to type 'VendorStatus | EnumVendorStatusFieldUpdateOperationsInput | undefined'.
        Type '"BANNED"' is not assignable to type 'VendorStatus | EnumVendorStatusFieldUpdateOperationsInput | undefined'.
server/routes/admin/admin.routes.ts(695,9): error TS2353: Object literal may only specify known properties, and 'targetId' does not exist in type '(Without<adminActionLogCreateInput, adminActionLogUncheckedCreateInput> & adminActionLogUncheckedCreateInput) | (Without<...> & adminActionLogCreateInput)'.
server/routes/admin/admin.routes.ts(699,44): error TS2339: Property 'score' does not exist on type '{ userId: number | null; id: number; createdAt: Date; vendorId: number | null; details: JsonValue; eventType: string; riskScore: number; }'.
server/routes/admin/admin.routes.ts(699,69): error TS2339: Property 'flags' does not exist on type '{ userId: number | null; id: number; createdAt: Date; vendorId: number | null; details: JsonValue; eventType: string; riskScore: number; }'.
server/routes/admin/admin.routes.ts(728,7): error TS2559: Type '(req: any, res: any) => Promise<any>' has no properties in common with type 'AuditLogWhereInput'.
server/routes/admin/admin.routes.ts(728,31): error TS2554: Expected 1 arguments, but got 2.
server/routes/admin/admin.routes.ts(817,9): error TS2353: Object literal may only specify known properties, and 'targetId' does not exist in type '(Without<adminActionLogCreateInput, adminActionLogUncheckedCreateInput> & adminActionLogUncheckedCreateInput) | (Without<...> & adminActionLogCreateInput)'.
server/routes/admin/admin.routes.ts(843,9): error TS2353: Object literal may only specify known properties, and 'targetId' does not exist in type '(Without<adminActionLogCreateInput, adminActionLogUncheckedCreateInput> & adminActionLogUncheckedCreateInput) | (Without<...> & adminActionLogCreateInput)'.
server/routes/admin/admin.routes.ts(871,9): error TS2353: Object literal may only specify known properties, and 'targetId' does not exist in type '(Without<adminActionLogCreateInput, adminActionLogUncheckedCreateInput> & adminActionLogUncheckedCreateInput) | (Without<...> & adminActionLogCreateInput)'.
server/routes/admin/admin.routes.ts(899,15): error TS2353: Object literal may only specify known properties, and 'isSponsored' does not exist in type '(Without<VendorUpdateInput, VendorUncheckedUpdateInput> & VendorUncheckedUpdateInput) | (Without<...> & VendorUpdateInput)'.
server/routes/admin/admin.routes.ts(907,9): error TS2353: Object literal may only specify known properties, and 'targetId' does not exist in type '(Without<adminActionLogCreateInput, adminActionLogUncheckedCreateInput> & adminActionLogUncheckedCreateInput) | (Without<...> & adminActionLogCreateInput)'.
server/routes/admin/admin.routes.ts(1029,9): error TS2353: Object literal may only specify known properties, and 'targetId' does not exist in type '(Without<adminActionLogCreateInput, adminActionLogUncheckedCreateInput> & adminActionLogUncheckedCreateInput) | (Without<...> & adminActionLogCreateInput)'.
server/routes/admin/ai-command.routes.ts(30,17): error TS2353: Object literal may only specify known properties, and 'score' does not exist in type 'FraudHistoryAvgAggregateInputType'.
server/routes/admin/ai-command.routes.ts(44,46): error TS2339: Property 'score' does not exist on type '{ id?: number | null | undefined; userId?: number | null | undefined; vendorId?: number | null | undefined; riskScore?: number | null | undefined; }'.
server/routes/admin/ai-command.routes.ts(45,50): error TS2339: Property 'id' does not exist on type 'true | { id?: number | undefined; userId?: number | undefined; vendorId?: number | undefined; eventType?: number | undefined; riskScore?: number | undefined; details?: number | undefined; createdAt?: number | undefined; _all?: number | undefined; }'.
  Property 'id' does not exist on type 'true'.
server/routes/admin/ai-command.routes.ts(49,21): error TS2554: Expected 2-3 arguments, but got 1.
server/routes/admin/ai-command.routes.ts(60,33): error TS2554: Expected 3-5 arguments, but got 2.
server/routes/admin/ai-command.routes.ts(78,35): error TS2554: Expected 3-5 arguments, but got 2.
server/routes/admin/ai-command.routes.ts(87,39): error TS2339: Property 'score' does not exist on type '{ userId: number | null; id: number; createdAt: Date; vendorId: number | null; details: JsonValue; eventType: string; riskScore: number; }'.
server/routes/admin/ai-command.routes.ts(95,21): error TS2554: Expected 2-3 arguments, but got 1.
server/routes/admin/ai-command.routes.ts(113,33): error TS2554: Expected 3-5 arguments, but got 2.
server/routes/admin/ai-command.routes.ts(152,21): error TS2554: Expected 2-3 arguments, but got 1.
server/routes/admin/ai-command.routes.ts(158,33): error TS2554: Expected 3-5 arguments, but got 2.
server/routes/admin/ai-command.routes.ts(174,21): error TS2554: Expected 2-3 arguments, but got 1.
server/routes/admin/ai-command.routes.ts(187,33): error TS2554: Expected 3-5 arguments, but got 2.
server/routes/admin/ai-command.routes.ts(212,23): error TS2339: Property 'score' does not exist on type '{ userId: number | null; id: number; createdAt: Date; vendorId: number | null; details: JsonValue; eventType: string; riskScore: number; }'.
server/routes/admin/ai-command.routes.ts(226,21): error TS2554: Expected 2-3 arguments, but got 1.
server/routes/admin/ai-command.routes.ts(237,33): error TS2554: Expected 3-5 arguments, but got 2.
server/routes/admin/ai-command.routes.ts(253,9): error TS2353: Object literal may only specify known properties, and 'orders' does not exist in type 'VendorInclude<DefaultArgs>'.
server/routes/admin/ai-command.routes.ts(259,35): error TS2554: Expected 3-5 arguments, but got 2.
server/routes/admin/ai-command.routes.ts(267,21): error TS2554: Expected 2-3 arguments, but got 1.
server/routes/admin/ai-command.routes.ts(275,29): error TS2339: Property 'orders' does not exist on type '{ userId: number | null; districtId: number | null; category: string | null; id: number; createdAt: Date; updatedAt: Date; name: string; slug: string; description: string | null; ... 33 more ...; whatsappNotifications: boolean; }'.
server/routes/admin/ai-command.routes.ts(276,31): error TS2339: Property 'products' does not exist on type '{ userId: number | null; districtId: number | null; category: string | null; id: number; createdAt: Date; updatedAt: Date; name: string; slug: string; description: string | null; ... 33 more ...; whatsappNotifications: boolean; }'.
server/routes/admin/ai-command.routes.ts(277,40): error TS2339: Property 'score' does not exist on type '{ userId: number | null; id: number; createdAt: Date; vendorId: number | null; details: JsonValue; eventType: string; riskScore: number; }'.
server/routes/admin/ai-command.routes.ts(282,33): error TS2554: Expected 3-5 arguments, but got 2.
server/routes/admin/ai-command.routes.ts(291,21): error TS2554: Expected 2-3 arguments, but got 1.
server/routes/admin/ai-command.routes.ts(302,33): error TS2554: Expected 3-5 arguments, but got 2.
server/routes/admin/ai-command.routes.ts(308,19): error TS2554: Expected 2-3 arguments, but got 1.
server/routes/admin/district-memory.routes.ts(121,44): error TS2339: Property 'trend' does not exist on type '{ query: string; intent: string; searches: number; timeRange: string; }'.
server/routes/admin/district-memory.routes.ts(122,45): error TS2339: Property 'trend' does not exist on type '{ query: string; intent: string; searches: number; timeRange: string; }'.
server/routes/admin/district-memory.routes.ts(123,44): error TS2339: Property 'trend' does not exist on type '{ query: string; intent: string; searches: number; timeRange: string; }'.
server/routes/admin/district-memory.routes.ts(124,45): error TS2339: Property 'frequency' does not exist on type '{ query: string; intent: string; searches: number; timeRange: string; }'.
server/routes/admin/dssl.control.ts(16,31): error TS2339: Property 'dsslConfig' does not exist on type 'PrismaClient<PrismaClientOptions, never, DefaultArgs>'.
server/routes/admin/dssl.ts(18,19): error TS2339: Property 'config' does not exist on type '{ id: number; createdAt: Date; updatedAt: Date; name: string; slug: string; state: string; primaryColor: string; secondaryColor: string; logoUrl: string | null; faviconUrl: string | null; ... 5 more ...; metaDescription: string | null; }'.
server/routes/admin/dssl.ts(25,7): error TS2353: Object literal may only specify known properties, and 'config' does not exist in type '(Without<DistrictUpdateInput, DistrictUncheckedUpdateInput> & DistrictUncheckedUpdateInput) | (Without<...> & DistrictUpdateInput)'.
server/routes/admin/dynamic-ranking.routes.ts(87,49): error TS2769: No overload matches this call.
  Overload 1 of 3, '(callbackfn: (previousValue: unknown, currentValue: unknown, currentIndex: number, array: unknown[]) => unknown, initialValue: unknown): unknown', gave the following error.
    Argument of type '(sum: number, w: number) => number' is not assignable to parameter of type '(previousValue: unknown, currentValue: unknown, currentIndex: number, array: unknown[]) => unknown'.
      Types of parameters 'sum' and 'previousValue' are incompatible.
        Type 'unknown' is not assignable to type 'number'.
  Overload 2 of 3, '(callbackfn: (previousValue: number, currentValue: unknown, currentIndex: number, array: unknown[]) => number, initialValue: number): number', gave the following error.
    Argument of type '(sum: number, w: number) => number' is not assignable to parameter of type '(previousValue: number, currentValue: unknown, currentIndex: number, array: unknown[]) => number'.
      Types of parameters 'w' and 'currentValue' are incompatible.
        Type 'unknown' is not assignable to type 'number'.
server/routes/admin/dynamic-ranking.routes.ts(88,18): error TS18046: 'total' is of type 'unknown'.
server/routes/admin/vendor.control.ts(31,7): error TS2353: Object literal may only specify known properties, and 'targetId' does not exist in type 'Without<AdminLogCreateInput, AdminLogUncheckedCreateInput> & AdminLogUncheckedCreateInput'.
server/routes/admin/vendor.control.ts(59,7): error TS2353: Object literal may only specify known properties, and 'targetId' does not exist in type 'Without<AdminLogCreateInput, AdminLogUncheckedCreateInput> & AdminLogUncheckedCreateInput'.
server/routes/admin/vendor.control.ts(81,8): error TS2353: Object literal may only specify known properties, and 'targetId' does not exist in type 'Without<AdminLogCreateInput, AdminLogUncheckedCreateInput> & AdminLogUncheckedCreateInput'.
server/routes/admin/vendor.control.ts(96,13): error TS2353: Object literal may only specify known properties, and 'isSponsored' does not exist in type '(Without<VendorUpdateInput, VendorUncheckedUpdateInput> & VendorUncheckedUpdateInput) | (Without<...> & VendorUpdateInput)'.
server/routes/admin/vendor.control.ts(103,50): error TS2339: Property 'isSponsored' does not exist on type '{ userId: number | null; districtId: number | null; category: string | null; id: number; createdAt: Date; updatedAt: Date; name: string; slug: string; description: string | null; ... 33 more ...; whatsappNotifications: boolean; }'.
server/routes/admin/vendor.control.ts(111,7): error TS2353: Object literal may only specify known properties, and 'targetId' does not exist in type 'Without<AdminLogCreateInput, AdminLogUncheckedCreateInput> & AdminLogUncheckedCreateInput'.
server/routes/ai/concierge.routes.ts(291,9): error TS18047: 'executionState.cognition' is possibly 'null'.
server/routes/ai/concierge.routes.ts(296,16): error TS18047: 'executionState.cognition' is possibly 'null'.
server/routes/ai/concierge.routes.ts(342,17): error TS7006: Parameter 't' implicitly has an 'any' type.
server/routes/ai/concierge.routes.ts(342,37): error TS18047: 'executionState.cognition' is possibly 'null'.
server/routes/ai/concierge.routes.ts(342,85): error TS18047: 'executionState.cognition' is possibly 'null'.
server/routes/ai/concierge.routes.ts(363,7): error TS2353: Object literal may only specify known properties, and 'searchTermsCount' does not exist in type 'Partial<LogContext>'.
server/routes/ai/concierge.routes.ts(426,65): error TS18046: 'error' is of type 'unknown'.
server/routes/ai/concierge.routes.ts(433,7): error TS2353: Object literal may only specify known properties, and 'totalEntities' does not exist in type 'Partial<LogContext>'.
server/routes/ai/concierge.routes.ts(458,3): error TS2353: Object literal may only specify known properties, and 'searchTermsCount' does not exist in type 'Partial<LogContext>'.
server/routes/ai/concierge.routes.ts(500,17): error TS18047: 'executionState.cognition' is possibly 'null'.
server/routes/ai/concierge.routes.ts(506,23): error TS18047: 'executionState.cognition' is possibly 'null'.
server/routes/ai/concierge.routes.ts(507,23): error TS18047: 'executionState.cognition' is possibly 'null'.
server/routes/ai/concierge.routes.ts(511,36): error TS2345: Argument of type '{ districtId: number; areaKey: string; domain: string; searchTerms: string[]; vendorIds: any[]; productIds: any[]; serviceIds: number[]; hospitalIds: any[]; successScore: number; responseMode: string | undefined; }' is not assignable to parameter of type '{ districtId: number; areaKey: string; domain: string; searchTerms: string[]; vendorIds: number[]; productIds: number[]; successScore: number; responseMode: string; }'.
  Types of property 'responseMode' are incompatible.
    Type 'string | undefined' is not assignable to type 'string'.
      Type 'undefined' is not assignable to type 'string'.
server/routes/ai/concierge.routes.ts(543,9): error TS2353: Object literal may only specify known properties, and 'domain' does not exist in type 'Partial<LogContext>'.
server/routes/ai/concierge.routes.ts(543,17): error TS18047: 'executionState.cognition' is possibly 'null'.
server/routes/ai/concierge.routes.ts(544,17): error TS18047: 'executionState.cognition' is possibly 'null'.
server/routes/ai/concierge.routes.ts(558,9): error TS2353: Object literal may only specify known properties, and 'resultsCount' does not exist in type 'Partial<LogContext>'.
server/routes/ai/concierge.routes.ts(595,13): error TS2353: Object literal may only specify known properties, and 'unmetDemand' does not exist in type 'TelemetryContext'.
server/routes/ai/concierge.routes.ts(611,13): error TS2554: Expected 1 arguments, but got 5.
server/routes/ai/concierge.routes.ts(616,26): error TS2339: Property 'synthesis' does not exist on type 'CognitionExecutionState'.
server/routes/ai/concierge.routes.ts(624,25): error TS18047: 'executionState.confidenceResult' is possibly 'null'.
server/routes/ai/concierge.routes.ts(635,7): error TS18047: 'executionState.cognition' is possibly 'null'.
server/routes/ai/concierge.routes.ts(638,9): error TS2353: Object literal may only specify known properties, and 'domain' does not exist in type 'Partial<LogContext>'.
server/routes/ai/concierge.routes.ts(638,17): error TS18047: 'executionState.cognition' is possibly 'null'.
server/routes/ai/concierge.routes.ts(639,17): error TS18047: 'executionState.cognition' is possibly 'null'.
server/routes/ai/concierge.routes.ts(649,9): error TS18047: 'executionState.cognition' is possibly 'null'.
server/routes/ai/concierge.routes.ts(658,13): error TS2322: Type 'string | undefined' is not assignable to type 'string'.
  Type 'undefined' is not assignable to type 'string'.
server/routes/ai/concierge.routes.ts(658,21): error TS18047: 'executionState.cognition' is possibly 'null'.
server/routes/ai/concierge.routes.ts(659,13): error TS2322: Type 'string | undefined' is not assignable to type 'string'.
  Type 'undefined' is not assignable to type 'string'.
server/routes/ai/concierge.routes.ts(659,21): error TS18047: 'executionState.cognition' is possibly 'null'.
server/routes/ai/concierge.routes.ts(665,11): error TS2353: Object literal may only specify known properties, and 'query' does not exist in type 'Partial<LogContext>'.
server/routes/ai/concierge.routes.ts(667,23): error TS18047: 'executionState.cognition' is possibly 'null'.
server/routes/ai/concierge.routes.ts(676,19): error TS18047: 'executionState.cognition' is possibly 'null'.
server/routes/ai/concierge.routes.ts(677,19): error TS18047: 'executionState.cognition' is possibly 'null'.
server/routes/ai/concierge.routes.ts(681,72): error TS18046: 'error' is of type 'unknown'.
server/routes/ai/concierge.routes.ts(708,5): error TS18047: 'executionState.cognition' is possibly 'null'.
server/routes/ai/concierge.routes.ts(734,23): error TS18047: 'executionState.confidenceResult' is possibly 'null'.
server/routes/ai/concierge.routes.ts(776,7): error TS2353: Object literal may only specify known properties, and 'vendorsFound' does not exist in type 'Partial<LogContext>'.
server/routes/ai/concierge.routes.ts(784,21): error TS18047: 'executionState.cognition' is possibly 'null'.
server/routes/ai/concierge.routes.ts(800,9): error TS2353: Object literal may only specify known properties, and 'uiResultsCount' does not exist in type 'Partial<LogContext>'.
server/routes/ai/concierge.routes.ts(815,107): error TS2559: Type 'ConfidenceResult' has no properties in common with type 'Partial<LogContext>'.
server/routes/ai/concierge.routes.ts(836,9): error TS2353: Object literal may only specify known properties, and 'domain' does not exist in type 'Partial<LogContext>'.
server/routes/ai/concierge.routes.ts(836,17): error TS18047: 'executionState.cognition' is possibly 'null'.
server/routes/ai/concierge.routes.ts(837,17): error TS18047: 'executionState.cognition' is possibly 'null'.
server/routes/ai/concierge.routes.ts(844,17): error TS18047: 'executionState.cognition' is possibly 'null'.
server/routes/ai/concierge.routes.ts(845,17): error TS18047: 'executionState.cognition' is possibly 'null'.
server/routes/ai/concierge.routes.ts(850,9): error TS2353: Object literal may only specify known properties, and 'query' does not exist in type 'Partial<LogContext>'.
server/routes/ai/concierge.routes.ts(851,17): error TS18047: 'executionState.cognition' is possibly 'null'.
server/routes/ai/concierge.routes.ts(869,25): error TS2339: Property 'id' does not exist on type 'JWTPayload'.
server/routes/ai/concierge.routes.ts(871,7): error TS2353: Object literal may only specify known properties, and 'vendorsFound' does not exist in type 'Partial<LogContext>'.
server/routes/ai/concierge.routes.ts(884,7): error TS2353: Object literal may only specify known properties, and 'domain' does not exist in type 'Partial<LogContext>'.
server/routes/ai/concierge.routes.ts(884,15): error TS18047: 'executionState.cognition' is possibly 'null'.
server/routes/ai/concierge.routes.ts(885,21): error TS18047: 'executionState.cognition' is possibly 'null'.
server/routes/ai/concierge.routes.ts(893,7): error TS2353: Object literal may only specify known properties, and 'query' does not exist in type 'Partial<LogContext>'.
server/routes/ai/concierge.routes.ts(895,15): error TS18047: 'executionState.cognition' is possibly 'null'.
server/routes/ai/concierge.routes.ts(901,15): error TS18047: 'executionState.cognition' is possibly 'null'.
server/routes/ai/concierge.routes.ts(902,15): error TS18047: 'executionState.cognition' is possibly 'null'.
server/routes/ai/concierge.routes.ts(915,49): error TS18047: 'executionState.cognition' is possibly 'null'.
server/routes/ai/concierge.routes.ts(933,9): error TS2353: Object literal may only specify known properties, and 'operationErrors' does not exist in type 'Partial<LogContext>'.
server/routes/ai/concierge.routes.ts(953,92): error TS7006: Parameter 't' implicitly has an 'any' type.
server/routes/ai/concierge.routes.ts(959,17): error TS7006: Parameter 'g' implicitly has an 'any' type.
server/routes/ai/concierge.routes.ts(959,35): error TS18047: 'executionState.cognition' is possibly 'null'.
server/routes/ai/concierge.routes.ts(961,14): error TS7006: Parameter 'g' implicitly has an 'any' type.
server/routes/ai/concierge.routes.ts(963,17): error TS7006: Parameter 's' implicitly has an 'any' type.
server/routes/ai/concierge.routes.ts(963,35): error TS18047: 'executionState.cognition' is possibly 'null'.
server/routes/ai/concierge.routes.ts(965,14): error TS7006: Parameter 's' implicitly has an 'any' type.
server/routes/ai/concierge.routes.ts(1010,25): error TS18047: 'executionState.cognition' is possibly 'null'.
server/routes/ai/concierge.routes.ts(1015,23): error TS18047: 'executionState.cognition' is possibly 'null'.
server/routes/ai/concierge.routes.ts(1035,22): error TS2339: Property 'partialSuccess' does not exist on type '{ success: boolean; answer: string; results: any[]; products: { id: any; title: string | undefined; price: any; vendorId: any; vendorName: string | null; }[]; grounded: boolean; cognition: CognitionResult | null; ... 4 more ...; timestamp: string; }'.
server/routes/ai/concierge.routes.ts(1036,22): error TS2339: Property 'operationErrors' does not exist on type '{ success: boolean; answer: string; results: any[]; products: { id: any; title: string | undefined; price: any; vendorId: any; vendorName: string | null; }[]; grounded: boolean; cognition: CognitionResult | null; ... 4 more ...; timestamp: string; }'.
server/routes/ai/concierge.routes.ts(1077,11): error TS2353: Object literal may only specify known properties, and 'aiRankScore' does not exist in type '(Without<ProductUpdateInput, ProductUncheckedUpdateInput> & ProductUncheckedUpdateInput) | (Without<...> & ProductUpdateInput)'.
server/routes/ai/concierge.routes.ts(1221,27): error TS2339: Property 'id' does not exist on type 'JWTPayload'.
server/routes/ai/concierge.routes.ts(1229,27): error TS2339: Property 'id' does not exist on type 'JWTPayload'.
server/routes/ai/concierge.routes.ts(1237,27): error TS2339: Property 'id' does not exist on type 'JWTPayload'.
server/routes/ai/concierge.routes.ts(1245,27): error TS2339: Property 'id' does not exist on type 'JWTPayload'.
server/routes/analytics.routes.ts(30,64): error TS2345: Argument of type 'number' is not assignable to parameter of type 'string'.
server/routes/api/local.routes.ts(26,30): error TS2339: Property 'id' does not exist on type 'JWTPayload'.
server/routes/api/local.routes.ts(26,53): error TS2339: Property 'id' does not exist on type 'JWTPayload'.
server/routes/auth.routes.ts(38,26): error TS2339: Property 'tokenVersion' does not exist on type '{ username: string; districtId: number | null; role: string; id: number; password: string; isAdmin: boolean; shopName: string | null; shopAddress: string | null; mapsLink: string | null; ... 8 more ...; consentGiven: boolean; }'.
server/routes/auth.routes.ts(147,13): error TS2353: Object literal may only specify known properties, and 'trustScore' does not exist in type 'Without<VendorCreateInput, VendorUncheckedCreateInput> & VendorUncheckedCreateInput'.
server/routes/auth.routes.ts(166,26): error TS2339: Property 'tokenVersion' does not exist on type '{ username: string; districtId: number | null; role: string; id: number; password: string; isAdmin: boolean; shopName: string | null; shopAddress: string | null; mapsLink: string | null; ... 8 more ...; consentGiven: boolean; }'.
server/routes/auth.routes.ts(289,39): error TS2339: Property 'tokenVersion' does not exist on type '{ username: string; districtId: number | null; role: string; id: number; password: string; isAdmin: boolean; shopName: string | null; shopAddress: string | null; mapsLink: string | null; ... 8 more ...; consentGiven: boolean; }'.
server/routes/auth.routes.ts(298,26): error TS2339: Property 'tokenVersion' does not exist on type '{ username: string; districtId: number | null; role: string; id: number; password: string; isAdmin: boolean; shopName: string | null; shopAddress: string | null; mapsLink: string | null; ... 8 more ...; consentGiven: boolean; }'.
server/routes/auth.routes.ts(352,23): error TS2339: Property 'tokenVersion' does not exist on type '{ username: string; districtId: number | null; role: string; id: number; password: string; isAdmin: boolean; shopName: string | null; shopAddress: string | null; mapsLink: string | null; ... 8 more ...; consentGiven: boolean; }'.
server/routes/auth.routes.ts(388,36): error TS2339: Property 'wallet' does not exist on type '{ username: string; districtId: number | null; role: string; id: number; password: string; isAdmin: boolean; shopName: string | null; shopAddress: string | null; mapsLink: string | null; ... 8 more ...; consentGiven: boolean; }'.
server/routes/auth.routes.ts(388,57): error TS2339: Property 'walletCredit' does not exist on type '{ username: string; districtId: number | null; role: string; id: number; password: string; isAdmin: boolean; shopName: string | null; shopAddress: string | null; mapsLink: string | null; ... 8 more ...; consentGiven: boolean; }'.
server/routes/auth.routes.ts(393,22): error TS2339: Property 'wallet' does not exist on type '{ username: string; districtId: number | null; role: string; id: number; password: string; isAdmin: boolean; shopName: string | null; shopAddress: string | null; mapsLink: string | null; ... 8 more ...; consentGiven: boolean; }'.
server/routes/auth.routes.ts(394,28): error TS2339: Property 'walletCredit' does not exist on type '{ username: string; districtId: number | null; role: string; id: number; password: string; isAdmin: boolean; shopName: string | null; shopAddress: string | null; mapsLink: string | null; ... 8 more ...; consentGiven: boolean; }'.
server/routes/auth.routes.ts(395,26): error TS2339: Property 'totalSpent' does not exist on type '{ username: string; districtId: number | null; role: string; id: number; password: string; isAdmin: boolean; shopName: string | null; shopAddress: string | null; mapsLink: string | null; ... 8 more ...; consentGiven: boolean; }'.
server/routes/index.ts(55,17): error TS2353: Object literal may only specify known properties, and 'hash' does not exist in type 'AuditLogSelect<DefaultArgs>'.
server/routes/index.ts(73,27): error TS2339: Property 'hash' does not exist on type '{ userId: number | null; districtId: number | null; id: number; createdAt: Date; metadata: JsonValue; targetId: number | null; action: string; entityType: string; entityId: number; targetType: string | null; details: JsonValue; ipAddress: string | null; userAgent: string | null; }'.
server/routes/index.ts(92,9): error TS2353: Object literal may only specify known properties, and 'hash' does not exist in type '(Without<AuditLogCreateInput, AuditLogUncheckedCreateInput> & AuditLogUncheckedCreateInput) | (Without<...> & AuditLogCreateInput)'.
server/routes/index.ts(93,30): error TS2339: Property 'hash' does not exist on type '{ userId: number | null; districtId: number | null; id: number; createdAt: Date; metadata: JsonValue; targetId: number | null; action: string; entityType: string; entityId: number; targetType: string | null; details: JsonValue; ipAddress: string | null; userAgent: string | null; }'.
server/routes/index.ts(125,17): error TS2339: Property 'hash' does not exist on type '{ userId: number | null; districtId: number | null; id: number; createdAt: Date; metadata: JsonValue; targetId: number | null; action: string; entityType: string; entityId: number; targetType: string | null; details: JsonValue; ipAddress: string | null; userAgent: string | null; }'.
server/routes/index.ts(129,25): error TS2339: Property 'hash' does not exist on type '{ userId: number | null; districtId: number | null; id: number; createdAt: Date; metadata: JsonValue; targetId: number | null; action: string; entityType: string; entityId: number; targetType: string | null; details: JsonValue; ipAddress: string | null; userAgent: string | null; }'.
server/routes/index.ts(280,9): error TS18004: No value exists in scope for the shorthand property 'districtId'. Either declare one or provide an initializer.
server/routes/marketplace/products.routes.ts(113,65): error TS2345: Argument of type 'number' is not assignable to parameter of type 'string'.
server/routes/marketplace/products.routes.ts(113,79): error TS18046: 'e' is of type 'unknown'.
server/routes/marketplace/products.routes.ts(137,48): error TS2345: Argument of type 'number' is not assignable to parameter of type 'string'.
server/routes/marketplace/products.routes.ts(144,52): error TS2345: Argument of type 'number' is not assignable to parameter of type 'string'.
server/routes/marketplace/products.routes.ts(144,66): error TS18046: 'e' is of type 'unknown'.
server/routes/marketplace/products.routes.ts(182,35): error TS2554: Expected 3-5 arguments, but got 2.
server/routes/marketplace/products.routes.ts(189,33): error TS2554: Expected 3-5 arguments, but got 2.
server/routes/marketplace/products.routes.ts(211,21): error TS2554: Expected 2-3 arguments, but got 1.
server/routes/marketplace/products.routes.ts(214,35): error TS2554: Expected 3-5 arguments, but got 2.
server/routes/marketplace/products.routes.ts(218,33): error TS2554: Expected 3-5 arguments, but got 2.
server/routes/marketplace/products.routes.ts(276,87): error TS2345: Argument of type '{ details: string | null; }' is not assignable to parameter of type 'string'.
server/routes/marketplace/products.routes.ts(298,35): error TS2554: Expected 2-3 arguments, but got 1.
server/routes/marketplace/products.routes.ts(301,37): error TS2554: Expected 3-5 arguments, but got 2.
server/routes/marketplace/products.routes.ts(305,35): error TS2554: Expected 3-5 arguments, but got 2.
server/routes/marketplace/products.routes.ts(317,35): error TS2554: Expected 3-5 arguments, but got 2.
server/routes/marketplace/products.routes.ts(322,35): error TS2554: Expected 3-5 arguments, but got 2.
server/routes/marketplace/products.routes.ts(330,33): error TS2554: Expected 2-3 arguments, but got 1.
server/routes/marketplace/products.routes.ts(333,35): error TS2554: Expected 3-5 arguments, but got 2.
server/routes/marketplace/products.routes.ts(337,33): error TS2554: Expected 3-5 arguments, but got 2.
server/routes/marketplace/products.routes.ts(351,35): error TS2554: Expected 3-5 arguments, but got 2.
server/routes/marketplace/products.routes.ts(355,21): error TS2554: Expected 2-3 arguments, but got 1.
server/routes/marketplace/products.routes.ts(358,35): error TS2554: Expected 3-5 arguments, but got 2.
server/routes/marketplace/products.routes.ts(362,33): error TS2554: Expected 3-5 arguments, but got 2.
server/routes/marketplace/products.routes.ts(376,35): error TS2554: Expected 3-5 arguments, but got 2.
server/routes/marketplace/products.routes.ts(380,21): error TS2554: Expected 2-3 arguments, but got 1.
server/routes/marketplace/products.routes.ts(383,35): error TS2554: Expected 3-5 arguments, but got 2.
server/routes/marketplace/products.routes.ts(387,33): error TS2554: Expected 3-5 arguments, but got 2.
server/routes/marketplace/products.routes.ts(400,35): error TS2554: Expected 3-5 arguments, but got 2.
server/routes/marketplace/products.routes.ts(404,21): error TS2554: Expected 2-3 arguments, but got 1.
server/routes/marketplace/products.routes.ts(407,35): error TS2554: Expected 3-5 arguments, but got 2.
server/routes/marketplace/products.routes.ts(411,33): error TS2554: Expected 3-5 arguments, but got 2.
server/routes/marketplace/products.routes.ts(424,35): error TS2554: Expected 3-5 arguments, but got 2.
server/routes/marketplace/products.routes.ts(428,21): error TS2554: Expected 2-3 arguments, but got 1.
server/routes/marketplace/products.routes.ts(431,35): error TS2554: Expected 3-5 arguments, but got 2.
server/routes/marketplace/products.routes.ts(435,33): error TS2554: Expected 3-5 arguments, but got 2.
server/routes/marketplace/reviews.routes.ts(24,20): error TS2353: Object literal may only specify known properties, and 'districtId' does not exist in type '(Without<ProductRelationFilter, ProductWhereInput> & ProductWhereInput) | (Without<ProductWhereInput, ProductRelationFilter> & ProductRelationFilter)'.
server/routes/marketplace/reviews.routes.ts(56,31): error TS2353: Object literal may only specify known properties, and 'districtId' does not exist in type 'ProductWhereInput'.
server/routes/marketplace/reviews.routes.ts(67,9): error TS2353: Object literal may only specify known properties, and 'districtId' does not exist in type 'Without<ReviewCreateInput, ReviewUncheckedCreateInput> & ReviewUncheckedCreateInput'.
server/routes/marketplace/stores.routes.ts(191,24): error TS2339: Property 'isSponsored' does not exist on type '{ userId: number | null; districtId: number | null; category: string | null; id: number; createdAt: Date; updatedAt: Date; name: string; slug: string; description: string | null; ... 33 more ...; whatsappNotifications: boolean; }'.
server/routes/marketplace/stores.routes.ts(265,142): error TS2339: Property 'type' does not exist on type '{ products: { id: number; createdAt: Date; vendorId: number; description: string | null; imageUrl: string | null; aiAdCopy: string | null; aiDescription: string | null; isTrending: boolean; ... 12 more ...; soldStock: number; }[]; } & { ...; }'.
server/routes/marketplace/stores.routes.ts(314,28): error TS2353: Object literal may only specify known properties, and 'districtId' does not exist in type 'ShopWhereUniqueInput'.
server/routes/orders.routes.ts(62,58): error TS2345: Argument of type 'null' is not assignable to parameter of type 'EventPublisher'.
server/routes/orders.routes.ts(123,33): error TS2339: Property 'districtId' does not exist on type '{ vendor: { id: number; name: string; slug: string; logo: string | null; address: string | null; rating: number; phone: string | null; }; images: { id: number; createdAt: Date; productId: number; url: string; }[]; } & { ...; }'.
server/routes/orders.routes.ts(158,13): error TS2353: Object literal may only specify known properties, and 'totalOrders' does not exist in type '(Without<VendorUpdateInput, VendorUncheckedUpdateInput> & VendorUncheckedUpdateInput) | (Without<...> & VendorUpdateInput)'.
server/routes/orders.routes.ts(166,13): error TS2353: Object literal may only specify known properties, and 'orderCount' does not exist in type '(Without<ProductUpdateInput, ProductUncheckedUpdateInput> & ProductUncheckedUpdateInput) | (Without<...> & ProductUpdateInput)'.
server/routes/orders.routes.ts(183,21): error TS2353: Object literal may only specify known properties, and 'repeatCustomers' does not exist in type '(Without<VendorUpdateInput, VendorUncheckedUpdateInput> & VendorUncheckedUpdateInput) | (Without<...> & VendorUpdateInput)'.
server/routes/orders.routes.ts(190,13): error TS2353: Object literal may only specify known properties, and 'orderSource' does not exist in type '(Without<OrderUpdateInput, OrderUncheckedUpdateInput> & OrderUncheckedUpdateInput) | (Without<...> & OrderUpdateInput)'.
server/routes/payments.cashfree.routes.ts(34,35): error TS2554: Expected 3-5 arguments, but got 2.
server/routes/payments.cashfree.routes.ts(41,35): error TS2554: Expected 3-5 arguments, but got 2.
server/routes/payments.cashfree.routes.ts(54,32): error TS2339: Property 'email' does not exist on type '{ username: string; districtId: number | null; role: string; id: number; password: string; isAdmin: boolean; shopName: string | null; shopAddress: string | null; mapsLink: string | null; ... 8 more ...; consentGiven: boolean; }'.
server/routes/payments.cashfree.routes.ts(73,21): error TS2554: Expected 2-3 arguments, but got 1.
server/routes/payments.cashfree.routes.ts(81,33): error TS2554: Expected 3-5 arguments, but got 2.
server/routes/payments.cashfree.routes.ts(100,35): error TS2304: Cannot find name 'findPaymentByProviderId'.
server/routes/payments.cashfree.routes.ts(102,23): error TS2554: Expected 2-3 arguments, but got 1.
server/routes/payments.cashfree.routes.ts(119,35): error TS2554: Expected 3-5 arguments, but got 2.
server/routes/payments.cashfree.routes.ts(130,37): error TS2554: Expected 3-5 arguments, but got 2.
server/routes/payments.cashfree.routes.ts(135,37): error TS2554: Expected 3-5 arguments, but got 2.
server/routes/payments.cashfree.routes.ts(147,37): error TS2554: Expected 3-5 arguments, but got 2.
server/routes/payments.cashfree.routes.ts(151,18): error TS2339: Property 'isSponsored' does not exist on type '{ userId: number | null; districtId: number | null; category: string | null; id: number; createdAt: Date; updatedAt: Date; name: string; slug: string; description: string | null; ... 33 more ...; whatsappNotifications: boolean; }'.
server/routes/payments.cashfree.routes.ts(151,40): error TS2339: Property 'boostExpiry' does not exist on type '{ userId: number | null; districtId: number | null; category: string | null; id: number; createdAt: Date; updatedAt: Date; name: string; slug: string; description: string | null; ... 33 more ...; whatsappNotifications: boolean; }'.
server/routes/payments.cashfree.routes.ts(151,62): error TS2339: Property 'boostExpiry' does not exist on type '{ userId: number | null; districtId: number | null; category: string | null; id: number; createdAt: Date; updatedAt: Date; name: string; slug: string; description: string | null; ... 33 more ...; whatsappNotifications: boolean; }'.
server/routes/payments.cashfree.routes.ts(152,37): error TS2554: Expected 3-5 arguments, but got 2.
server/routes/payments.cashfree.routes.ts(159,13): error TS2304: Cannot find name 'activateBoost'.
server/routes/payments.cashfree.routes.ts(172,23): error TS2554: Expected 2-3 arguments, but got 1.
server/routes/payments.cashfree.routes.ts(186,13): error TS2552: Cannot find name 'upgradeUserSubscription'. Did you mean 'PushSubscription'?
server/routes/payments.cashfree.routes.ts(198,23): error TS2554: Expected 2-3 arguments, but got 1.
server/routes/payments.cashfree.routes.ts(201,21): error TS2554: Expected 2-3 arguments, but got 1.
server/routes/payments.cashfree.routes.ts(205,33): error TS2554: Expected 3-5 arguments, but got 2.
server/routes/payments.cashfree.routes.ts(226,35): error TS2554: Expected 3-5 arguments, but got 2.
server/routes/payments.cashfree.routes.ts(233,35): error TS2554: Expected 3-5 arguments, but got 2.
server/routes/payments.cashfree.routes.ts(237,16): error TS2339: Property 'isSponsored' does not exist on type '{ userId: number | null; districtId: number | null; category: string | null; id: number; createdAt: Date; updatedAt: Date; name: string; slug: string; description: string | null; ... 33 more ...; whatsappNotifications: boolean; }'.
server/routes/payments.cashfree.routes.ts(237,38): error TS2339: Property 'boostExpiry' does not exist on type '{ userId: number | null; districtId: number | null; category: string | null; id: number; createdAt: Date; updatedAt: Date; name: string; slug: string; description: string | null; ... 33 more ...; whatsappNotifications: boolean; }'.
server/routes/payments.cashfree.routes.ts(237,60): error TS2339: Property 'boostExpiry' does not exist on type '{ userId: number | null; districtId: number | null; category: string | null; id: number; createdAt: Date; updatedAt: Date; name: string; slug: string; description: string | null; ... 33 more ...; whatsappNotifications: boolean; }'.
server/routes/payments.cashfree.routes.ts(238,35): error TS2554: Expected 3-5 arguments, but got 2.
server/routes/payments.cashfree.routes.ts(254,30): error TS2339: Property 'email' does not exist on type '{ username: string; districtId: number | null; role: string; id: number; password: string; isAdmin: boolean; shopName: string | null; shopAddress: string | null; mapsLink: string | null; ... 8 more ...; consentGiven: boolean; }'.
server/routes/payments.cashfree.routes.ts(285,21): error TS2554: Expected 2-3 arguments, but got 1.
server/routes/payments.cashfree.routes.ts(293,33): error TS2554: Expected 3-5 arguments, but got 2.
server/routes/vendor.routes.ts(4,29): error TS2307: Cannot find module '../services/tier.manager' or its corresponding type declarations.
server/routes/vendor.routes.ts(10,32): error TS2339: Property 'id' does not exist on type 'JWTPayload'.
server/scripts/audit.ts(26,15): error TS2353: Object literal may only specify known properties, and 'riskScore' does not exist in type 'UserIntelligenceWhereInput'.
server/scripts/audit.ts(27,15): error TS2353: Object literal may only specify known properties, and 'trustScore' does not exist in type 'UserIntelligenceWhereInput'.
server/scripts/audit.ts(44,16): error TS2339: Property 'userIntelligence' does not exist on type '{ username: string; districtId: number | null; role: string; id: number; password: string; isAdmin: boolean; shopName: string | null; shopAddress: string | null; mapsLink: string | null; ... 8 more ...; consentGiven: boolean; }'.
server/scripts/audit.ts(45,16): error TS2339: Property 'userIntelligence' does not exist on type '{ username: string; districtId: number | null; role: string; id: number; password: string; isAdmin: boolean; shopName: string | null; shopAddress: string | null; mapsLink: string | null; ... 8 more ...; consentGiven: boolean; }'.
server/scripts/backfill-order-intelligence.ts(26,9): error TS2353: Object literal may only specify known properties, and 'vendorIdNormalized' does not exist in type '(Without<OrderUpdateInput, OrderUncheckedUpdateInput> & OrderUncheckedUpdateInput) | (Without<...> & OrderUpdateInput)'.
server/scripts/backfill-order-intelligence.ts(30,25): error TS2339: Property 'shopId' does not exist on type '{ userId: number | null; districtId: number | null; id: number; createdAt: Date; updatedAt: Date; vendorId: number | null; status: string; productId: number; quantity: number; ... 6 more ...; paymentId: string | null; }'.
server/scripts/backfill-product-intelligence.ts(39,9): error TS2353: Object literal may only specify known properties, and 'canonicalTitle' does not exist in type '(Without<ProductUpdateInput, ProductUncheckedUpdateInput> & ProductUncheckedUpdateInput) | (Without<...> & ProductUpdateInput)'.
server/scripts/backfill-userevent-ai.ts(27,9): error TS2353: Object literal may only specify known properties, and 'queryText' does not exist in type '(Without<UserEventUpdateInput, UserEventUncheckedUpdateInput> & UserEventUncheckedUpdateInput) | (Without<...> & UserEventUpdateInput)'.
server/scripts/backfill-userevent-ai.ts(31,29): error TS2339: Property 'vendorId' does not exist on type '{ userId: number; districtId: number | null; id: number; createdAt: Date; sessionId: string | null; action: string | null; ipAddress: string | null; userAgent: string | null; eventType: string; eventData: JsonValue; converted: boolean | null; deviceHash: string | null; sessionFingerprint: string | null; }'.
server/scripts/backfill-userevent-ai.ts(31,43): error TS2339: Property 'vendorId' does not exist on type '{ userId: number; districtId: number | null; id: number; createdAt: Date; sessionId: string | null; action: string | null; ipAddress: string | null; userAgent: string | null; eventType: string; eventData: JsonValue; converted: boolean | null; deviceHash: string | null; sessionFingerprint: string | null; }'.
server/scripts/backfill-userevent-ai.ts(32,30): error TS2339: Property 'productId' does not exist on type '{ userId: number; districtId: number | null; id: number; createdAt: Date; sessionId: string | null; action: string | null; ipAddress: string | null; userAgent: string | null; eventType: string; eventData: JsonValue; converted: boolean | null; deviceHash: string | null; sessionFingerprint: string | null; }'.
server/scripts/backfill-userevent-ai.ts(32,45): error TS2339: Property 'productId' does not exist on type '{ userId: number; districtId: number | null; id: number; createdAt: Date; sessionId: string | null; action: string | null; ipAddress: string | null; userAgent: string | null; eventType: string; eventData: JsonValue; converted: boolean | null; deviceHash: string | null; sessionFingerprint: string | null; }'.
server/scripts/backfill-vendor-intelligence.ts(24,7): error TS2353: Object literal may only specify known properties, and 'orders' does not exist in type 'VendorInclude<DefaultArgs>'.
server/scripts/backfill-vendor-intelligence.ts(32,27): error TS2339: Property 'orders' does not exist on type '{ userId: number | null; districtId: number | null; category: string | null; id: number; createdAt: Date; updatedAt: Date; name: string; slug: string; description: string | null; ... 33 more ...; whatsappNotifications: boolean; }'.
server/scripts/backfill-vendor-intelligence.ts(33,31): error TS2339: Property 'orders' does not exist on type '{ userId: number | null; districtId: number | null; category: string | null; id: number; createdAt: Date; updatedAt: Date; name: string; slug: string; description: string | null; ... 33 more ...; whatsappNotifications: boolean; }'.
server/scripts/backfill-vendor-intelligence.ts(33,45): error TS7006: Parameter 'o' implicitly has an 'any' type.
server/scripts/backfill-vendor-intelligence.ts(34,31): error TS2339: Property 'orders' does not exist on type '{ userId: number | null; districtId: number | null; category: string | null; id: number; createdAt: Date; updatedAt: Date; name: string; slug: string; description: string | null; ... 33 more ...; whatsappNotifications: boolean; }'.
server/scripts/backfill-vendor-intelligence.ts(34,45): error TS7006: Parameter 'o' implicitly has an 'any' type.
server/scripts/backfill-vendor-intelligence.ts(48,9): error TS2353: Object literal may only specify known properties, and 'totalOrders' does not exist in type '(Without<VendorUpdateInput, VendorUncheckedUpdateInput> & VendorUncheckedUpdateInput) | (Without<...> & VendorUpdateInput)'.
server/scripts/fix-vendors.ts(15,9): error TS2353: Object literal may only specify known properties, and 'isAiIndexed' does not exist in type '(Without<VendorUpdateInput, VendorUncheckedUpdateInput> & VendorUncheckedUpdateInput) | (Without<...> & VendorUpdateInput)'.
server/scripts/fix-vendors.ts(17,27): error TS2339: Property 'trustScore' does not exist on type '{ userId: number | null; districtId: number | null; category: string | null; id: number; createdAt: Date; updatedAt: Date; name: string; slug: string; description: string | null; ... 33 more ...; whatsappNotifications: boolean; }'.
server/scripts/fix-vendors.ts(18,29): error TS2339: Property 'trustScore' does not exist on type '{ userId: number | null; districtId: number | null; category: string | null; id: number; createdAt: Date; updatedAt: Date; name: string; slug: string; description: string | null; ... 33 more ...; whatsappNotifications: boolean; }'.
server/scripts/setup-district.ts(49,14): error TS2353: Object literal may only specify known properties, and 'email' does not exist in type 'UserWhereUniqueInput'.
server/scripts/setup-district.ts(52,7): error TS2353: Object literal may only specify known properties, and 'email' does not exist in type 'Without<UserCreateInput, UserUncheckedCreateInput> & UserUncheckedCreateInput'.
server/scripts/setup-district.ts(61,41): error TS2339: Property 'email' does not exist on type '{ username: string; districtId: number | null; role: string; id: number; password: string; isAdmin: boolean; shopName: string | null; shopAddress: string | null; mapsLink: string | null; ... 8 more ...; consentGiven: boolean; }'.
server/scripts/test-cognition-search.ts(33,59): error TS18046: 'error' is of type 'unknown'.
server/scripts/test-district-intelligence.ts(50,37): error TS18046: 'error' is of type 'unknown'.
server/services/ai-refine.service.ts(9,43): error TS2344: Type '"category" | "name" | "rating" | "dsslScore" | "entityType"' does not satisfy the constraint 'requiredKeys<baseObjectOutputType<{ id: ZodUnion<[ZodNumber, ZodString]>; entityType: ZodNativeEnum<typeof EntityType>; businessType: ZodOptional<ZodNativeEnum<typeof BusinessType>>; ... 25 more ...; updatedAt: ZodOptional<...>; }>> | optionalKeys<...>'.
  Type '"category"' is not assignable to type 'requiredKeys<baseObjectOutputType<{ id: ZodUnion<[ZodNumber, ZodString]>; entityType: ZodNativeEnum<typeof EntityType>; businessType: ZodOptional<ZodNativeEnum<typeof BusinessType>>; ... 25 more ...; updatedAt: ZodOptional<...>; }>> | optionalKeys<...>'.
server/services/ai-refine.service.ts(37,73): error TS2339: Property 'toLowerCase' does not exist on type '{}'.
server/services/ai-refine.service.ts(38,52): error TS2339: Property 'toLowerCase' does not exist on type '{}'.
server/services/audit.service.ts(27,23): error TS2339: Property 'hash' does not exist on type '{ userId: number | null; districtId: number | null; id: number; createdAt: Date; metadata: JsonValue; targetId: number | null; action: string; entityType: string; entityId: number; targetType: string | null; details: JsonValue; ipAddress: string | null; userAgent: string | null; }'.
server/services/autoCatalog.ts(22,28): error TS18047: 'groq' is possibly 'null'.
server/services/discovery.service.ts(155,16): error TS2339: Property 'imageUrl' does not exist on type '{ districtId: number; id: string | number; name: string; slug: string; vendorId: number; isVerified: boolean; dsslScore: number; isTrending: boolean; price: number; stock: number; isSponsored: boolean; ... 24 more ...; vendorName?: string | undefined; }'.
server/services/district-intelligence.service.ts(43,7): error TS2322: Type '{ demandCount: { increment: number; }; lastQueried: Date; query: string | null; normalizedIntent: string | null; confidence: number | null; matchedEntities: number; }' is not assignable to type '(Without<DistrictDemandMemoryUpdateInput, DistrictDemandMemoryUncheckedUpdateInput> & DistrictDemandMemoryUncheckedUpdateInput) | (Without<...> & DistrictDemandMemoryUpdateInput)'.
  Type '{ demandCount: { increment: number; }; lastQueried: Date; query: string | null; normalizedIntent: string | null; confidence: number | null; matchedEntities: number; }' is not assignable to type 'Without<DistrictDemandMemoryUncheckedUpdateInput, DistrictDemandMemoryUpdateInput> & DistrictDemandMemoryUpdateInput'.
    Type '{ demandCount: { increment: number; }; lastQueried: Date; query: string | null; normalizedIntent: string | null; confidence: number | null; matchedEntities: number; }' is not assignable to type 'DistrictDemandMemoryUpdateInput'.
      Types of property 'query' are incompatible.
        Type 'string | null' is not assignable to type 'string | StringFieldUpdateOperationsInput | undefined'.
          Type 'null' is not assignable to type 'string | StringFieldUpdateOperationsInput | undefined'.
server/services/district-intelligence.service.ts(48,9): error TS2322: Type 'string | null' is not assignable to type 'string'.
  Type 'null' is not assignable to type 'string'.
server/services/district-intelligence.service.ts(77,14): error TS18046: 'error' is of type 'unknown'.
server/services/district-intelligence.service.ts(98,9): error TS2353: Object literal may only specify known properties, and 'reports' does not exist in type '(Without<DistrictSupplyGapUpdateInput, DistrictSupplyGapUncheckedUpdateInput> & DistrictSupplyGapUncheckedUpdateInput) | (Without<...> & DistrictSupplyGapUpdateInput)'.
server/services/district-intelligence.service.ts(105,9): error TS2353: Object literal may only specify known properties, and 'gapType' does not exist in type '(Without<DistrictSupplyGapCreateInput, DistrictSupplyGapUncheckedCreateInput> & DistrictSupplyGapUncheckedCreateInput) | (Without<...> & DistrictSupplyGapCreateInput)'.
server/services/district-intelligence.service.ts(122,14): error TS18046: 'error' is of type 'unknown'.
server/services/district-intelligence.service.ts(134,18): error TS2339: Property 'districtEconomicCluster' does not exist on type 'PrismaClient<PrismaClientOptions, never, DefaultArgs>'.
server/services/district-intelligence.service.ts(163,14): error TS18046: 'error' is of type 'unknown'.
server/services/district-intelligence.service.ts(179,18): error TS2339: Property 'sharedDistrictLearning' does not exist on type 'PrismaClient<PrismaClientOptions, never, DefaultArgs>'.
server/services/district-intelligence.service.ts(190,7): error TS2353: Object literal may only specify known properties, and 'domain' does not exist in type 'Partial<LogContext>'.
server/services/district-intelligence.service.ts(204,22): error TS2339: Property 'entity' does not exist on type '{ districtId: number; areaKey: string; domain: string; searchTerms: string[]; vendorIds: number[]; productIds: number[]; successScore: number; responseMode: string; }'.
server/services/district-intelligence.service.ts(207,26): error TS2339: Property 'serviceIds' does not exist on type '{ districtId: number; areaKey: string; domain: string; searchTerms: string[]; vendorIds: number[]; productIds: number[]; successScore: number; responseMode: string; }'.
server/services/district-intelligence.service.ts(208,27): error TS2339: Property 'hospitalIds' does not exist on type '{ districtId: number; areaKey: string; domain: string; searchTerms: string[]; vendorIds: number[]; productIds: number[]; successScore: number; responseMode: string; }'.
server/services/district-intelligence.service.ts(212,7): error TS2353: Object literal may only specify known properties, and 'domain' does not exist in type 'Partial<LogContext>'.
server/services/district-memory.service.ts(647,13): error TS2353: Object literal may only specify known properties, and 'lastDetected' does not exist in type '(Without<DistrictSupplyGapUpdateInput, DistrictSupplyGapUncheckedUpdateInput> & DistrictSupplyGapUncheckedUpdateInput) | (Without<...> & DistrictSupplyGapUpdateInput)'.
server/services/district-memory.service.ts(661,13): error TS2353: Object literal may only specify known properties, and 'severity' does not exist in type '(Without<DistrictSupplyGapCreateInput, DistrictSupplyGapUncheckedCreateInput> & DistrictSupplyGapUncheckedCreateInput) | (Without<...> & DistrictSupplyGapCreateInput)'.
server/services/district-memory.service.ts(773,29): error TS18047: 'item.category' is possibly 'null'.
server/services/district-memory.service.ts(825,9): error TS2393: Duplicate function implementation.
server/services/district-memory.service.ts(987,27): error TS2339: Property 'toLocaleLowerCase' does not exist on type 'Date'.
server/services/district-memory.service.ts(988,29): error TS2339: Property 'toLocaleLowerCase' does not exist on type 'Date'.
server/services/district-memory.service.ts(1209,9): error TS2393: Duplicate function implementation.
server/services/district-memory.service.ts(1216,5): error TS2322: Type '{ districtId: number; query: string; frequency: number; lastSeen: Date; trend: string | null; velocity: number; category: string | undefined; intent: string | undefined; }[]' is not assignable to type 'QueryTrend[]'.
  Type '{ districtId: number; query: string; frequency: number; lastSeen: Date; trend: string | null; velocity: number; category: string | undefined; intent: string | undefined; }' is not assignable to type 'QueryTrend'.
    Types of property 'trend' are incompatible.
      Type 'string | null' is not assignable to type 'string'.
        Type 'null' is not assignable to type 'string'.
server/services/district-memory.service.ts(1244,9): error TS2561: Object literal may only specify known properties, but 'districtId_serviceType_locality' does not exist in type 'ServiceGapWhereUniqueInput'. Did you mean to write 'districtId_serviceType'?
server/services/district-memory.service.ts(1252,9): error TS2353: Object literal may only specify known properties, and 'lastDemand' does not exist in type '(Without<ServiceGapUpdateInput, ServiceGapUncheckedUpdateInput> & ServiceGapUncheckedUpdateInput) | (Without<...> & ServiceGapUpdateInput)'.
server/services/district-memory.service.ts(1263,9): error TS2353: Object literal may only specify known properties, and 'lastDemand' does not exist in type '(Without<ServiceGapCreateInput, ServiceGapUncheckedCreateInput> & ServiceGapUncheckedCreateInput) | (Without<...> & ServiceGapCreateInput)'.
server/services/district-memory.service.ts(1427,7): error TS2322: Type '{ query: string; intent: string; searches: number; timeRange: string; }[]' is not assignable to type 'QueryTrend[]'.
  Type '{ query: string; intent: string; searches: number; timeRange: string; }' is missing the following properties from type 'QueryTrend': districtId, frequency, lastSeen, trend, velocity
server/services/district-memory.service.ts(1727,60): error TS2345: Argument of type '{ id: number; vendorId: number; context: JsonValue; timestamp: Date; signalType: string; value: number; source: string; }[]' is not assignable to parameter of type 'TrustSignal[]'.
  Type '{ id: number; vendorId: number; context: JsonValue; timestamp: Date; signalType: string; value: number; source: string; }' is not assignable to type 'TrustSignal'.
    Types of property 'signalType' are incompatible.
      Type 'string' is not assignable to type '"search" | "review" | "booking" | "click" | "view"'.
server/services/district-memory.service.ts(1730,58): error TS2345: Argument of type '{ id: number; vendorId: number; context: JsonValue; timestamp: Date; signalType: string; value: number; source: string; }[]' is not assignable to parameter of type 'TrustSignal[]'.
  Type '{ id: number; vendorId: number; context: JsonValue; timestamp: Date; signalType: string; value: number; source: string; }' is not assignable to type 'TrustSignal'.
    Types of property 'signalType' are incompatible.
      Type 'string' is not assignable to type '"search" | "review" | "booking" | "click" | "view"'.
server/services/district-snapshot-test.service.ts(8,40): error TS2307: Cannot find module '../../shared/district-intelligence/types' or its corresponding type declarations.
server/services/district-snapshot-test.service.ts(64,9): error TS2416: Property 'generateDistrictSummary' in type 'DistrictSnapshotTestServiceImpl' is not assignable to the same property in base type 'DistrictSnapshotTestService'.
  Type '(districtId: number) => Promise<{ districtId: number; generated: number; summary: { topUnmetDemand: { category: string; demandCount: number; lastQueried: number; }[]; topTrustedVendors: { vendorId: number; name: string; trustScore: number; category: string; }[]; localityActivity: { ...; }[]; emergencyTrends: ({ ...;...' is not assignable to type '(districtId: number) => Promise<{ topUnmetDemand: { category: string; demandCount: number; lastQueried: number; }[]; topTrustedVendors: { vendorId: number; name: string; trustScore: number; category: string; }[]; localityActivity: { ...; }[]; emergencyTrends: { ...; }[]; }>'.
    Type 'Promise<{ districtId: number; generated: number; summary: { topUnmetDemand: { category: string; demandCount: number; lastQueried: number; }[]; topTrustedVendors: { vendorId: number; name: string; trustScore: number; category: string; }[]; localityActivity: { ...; }[]; emergencyTrends: ({ ...; } | ... 1 more ... | { ...' is not assignable to type 'Promise<{ topUnmetDemand: { category: string; demandCount: number; lastQueried: number; }[]; topTrustedVendors: { vendorId: number; name: string; trustScore: number; category: string; }[]; localityActivity: { ...; }[]; emergencyTrends: { ...; }[]; }>'.
      Type '{ districtId: number; generated: number; summary: { topUnmetDemand: { category: string; demandCount: number; lastQueried: number; }[]; topTrustedVendors: { vendorId: number; name: string; trustScore: number; category: string; }[]; localityActivity: { ...; }[]; emergencyTrends: ({ ...; } | ... 1 more ... | { ...; })[...' is missing the following properties from type '{ topUnmetDemand: { category: string; demandCount: number; lastQueried: number; }[]; topTrustedVendors: { vendorId: number; name: string; trustScore: number; category: string; }[]; localityActivity: { ...; }[]; emergencyTrends: { ...; }[]; }': topUnmetDemand, topTrustedVendors, localityActivity, emergencyTrends
server/services/district.manager.ts(219,45): error TS18047: 'e.type' is possibly 'null'.
server/services/district.manager.ts(250,28): error TS2552: Cannot find name 'withTransaction'. Did you mean 'IDBTransaction'?
server/services/district.manager.ts(250,51): error TS7006: Parameter 'tx' implicitly has an 'any' type.
server/services/dssl.service.ts(96,7): error TS2353: Object literal may only specify known properties, and 'trustScore' does not exist in type 'VendorSelect<DefaultArgs>'.
server/services/dssl.service.ts(110,26): error TS2353: Object literal may only specify known properties, and 'districtId' does not exist in type 'ProductWhereInput'.
server/services/dssl.service.ts(113,55): error TS2353: Object literal may only specify known properties, and 'districtId' does not exist in type 'Without<ProductRelationFilter, ProductWhereInput> & ProductWhereInput'.
server/services/dssl.service.ts(117,55): error TS2353: Object literal may only specify known properties, and 'districtId' does not exist in type 'Without<ProductRelationFilter, ProductWhereInput> & ProductWhereInput'.
server/services/dssl.service.ts(128,28): error TS18048: 'reviewAgg._avg' is possibly 'undefined'.
server/services/dssl.service.ts(164,7): error TS2353: Object literal may only specify known properties, and 'trustScore' does not exist in type '(Without<VendorUpdateInput, VendorUncheckedUpdateInput> & VendorUncheckedUpdateInput) | (Without<...> & VendorUpdateInput)'.
server/services/dynamic-discovery-ranking.service.ts(297,9): error TS2353: Object literal may only specify known properties, and 'vendorId' does not exist in type 'UserEventWhereInput'.
server/services/dynamic-discovery-ranking.service.ts(450,27): error TS2339: Property 'vendorId' does not exist on type 'RankingResult'.
server/services/dynamic-discovery-ranking.service.ts(460,11): error TS2353: Object literal may only specify known properties, and 'trustDelta' does not exist in type '(Without<VendorMetricsDailyUpdateInput, VendorMetricsDailyUncheckedUpdateInput> & VendorMetricsDailyUncheckedUpdateInput) | (Without<...> & VendorMetricsDailyUpdateInput)'.
server/services/dynamic-discovery-ranking.service.ts(466,29): error TS2339: Property 'vendorId' does not exist on type 'RankingResult'.
server/services/dynamic-discovery-ranking.service.ts(469,11): error TS2353: Object literal may only specify known properties, and 'trustDelta' does not exist in type '(Without<VendorMetricsDailyCreateInput, VendorMetricsDailyUncheckedCreateInput> & VendorMetricsDailyUncheckedCreateInput) | (Without<...> & VendorMetricsDailyCreateInput)'.
server/services/event-delivery-verification.ts(35,56): error TS2304: Cannot find name 'EventHandler'.
server/services/event-delivery-verification.ts(43,71): error TS2339: Property 'orderId' does not exist on type '{ orderId: number; userId?: number | undefined; totalAmountPaisa: number; itemCount: number; vendorIds: number[]; } | { orderId: number; amountPaisa: number; method: string; transactionId?: string | undefined; } | { ...; }'.
  Property 'orderId' does not exist on type '{ productId: number; quantity: number; availableStock: number; reservedStock: number; soldStock: number; }'.
server/services/event-delivery-verification.ts(43,94): error TS2339: Property 'productId' does not exist on type '{ orderId: number; userId?: number | undefined; totalAmountPaisa: number; itemCount: number; vendorIds: number[]; } | { orderId: number; amountPaisa: number; method: string; transactionId?: string | undefined; } | { ...; }'.
  Property 'productId' does not exist on type '{ orderId: number; userId?: number | undefined; totalAmountPaisa: number; itemCount: number; vendorIds: number[]; }'.
server/services/event-delivery-verification.ts(55,44): error TS2304: Cannot find name 'EventHandler'.
server/services/event-delivery-verification.ts(67,46): error TS2304: Cannot find name 'EventHandler'.
server/services/event-delivery-verification.ts(85,7): error TS2322: Type '{ action: string; targetType: string; targetId: number; details: string; metadata: { eventType: EventType.ORDER_CREATED | EventType.ORDER_CONFIRMED | EventType.ORDER_PREPARING | EventType.ORDER_READY | ... 11 more ... | EventType.LOW_STOCK_ALERT; eventData: { ...; } | ... 1 more ... | { ...; }; outboxId: string; sta...' is not assignable to type '(Without<AuditLogCreateInput, AuditLogUncheckedCreateInput> & AuditLogUncheckedCreateInput) | (Without<...> & AuditLogCreateInput)'.
  Type '{ action: string; targetType: string; targetId: number; details: string; metadata: { eventType: EventType.ORDER_CREATED | EventType.ORDER_CONFIRMED | EventType.ORDER_PREPARING | EventType.ORDER_READY | ... 11 more ... | EventType.LOW_STOCK_ALERT; eventData: { ...; } | ... 1 more ... | { ...; }; outboxId: string; sta...' is not assignable to type 'Without<AuditLogUncheckedCreateInput, AuditLogCreateInput> & AuditLogCreateInput'.
    Type '{ action: string; targetType: string; targetId: number; details: string; metadata: { eventType: EventType.ORDER_CREATED | EventType.ORDER_CONFIRMED | EventType.ORDER_PREPARING | EventType.ORDER_READY | ... 11 more ... | EventType.LOW_STOCK_ALERT; eventData: { ...; } | ... 1 more ... | { ...; }; outboxId: string; sta...' is missing the following properties from type 'AuditLogCreateInput': entityType, entityId
server/services/event-delivery-verification.ts(88,40): error TS2339: Property 'orderId' does not exist on type '{ orderId: number; userId?: number | undefined; totalAmountPaisa: number; itemCount: number; vendorIds: number[]; } | { orderId: number; amountPaisa: number; method: string; transactionId?: string | undefined; } | { ...; }'.
  Property 'orderId' does not exist on type '{ productId: number; quantity: number; availableStock: number; reservedStock: number; soldStock: number; }'.
server/services/event-delivery-verification.ts(88,63): error TS2339: Property 'productId' does not exist on type '{ orderId: number; userId?: number | undefined; totalAmountPaisa: number; itemCount: number; vendorIds: number[]; } | { orderId: number; amountPaisa: number; method: string; transactionId?: string | undefined; } | { ...; }'.
  Property 'productId' does not exist on type '{ orderId: number; userId?: number | undefined; totalAmountPaisa: number; itemCount: number; vendorIds: number[]; }'.
server/services/event-delivery-verification.ts(124,41): error TS18046: 'error' is of type 'unknown'.
server/services/event-delivery-verification.ts(137,7): error TS2322: Type '{ action: string; targetType: string; targetId: number; details: string; metadata: { eventType: EventType.ORDER_CREATED | EventType.ORDER_CONFIRMED | EventType.ORDER_PREPARING | EventType.ORDER_READY | ... 11 more ... | EventType.LOW_STOCK_ALERT; eventData: { ...; } | ... 1 more ... | { ...; }; errorMessage: string;...' is not assignable to type '(Without<AuditLogCreateInput, AuditLogUncheckedCreateInput> & AuditLogUncheckedCreateInput) | (Without<...> & AuditLogCreateInput)'.
  Type '{ action: string; targetType: string; targetId: number; details: string; metadata: { eventType: EventType.ORDER_CREATED | EventType.ORDER_CONFIRMED | EventType.ORDER_PREPARING | EventType.ORDER_READY | ... 11 more ... | EventType.LOW_STOCK_ALERT; eventData: { ...; } | ... 1 more ... | { ...; }; errorMessage: string;...' is not assignable to type 'Without<AuditLogUncheckedCreateInput, AuditLogCreateInput> & AuditLogCreateInput'.
    Type '{ action: string; targetType: string; targetId: number; details: string; metadata: { eventType: EventType.ORDER_CREATED | EventType.ORDER_CONFIRMED | EventType.ORDER_PREPARING | EventType.ORDER_READY | ... 11 more ... | EventType.LOW_STOCK_ALERT; eventData: { ...; } | ... 1 more ... | { ...; }; errorMessage: string;...' is missing the following properties from type 'AuditLogCreateInput': entityType, entityId
server/services/event-delivery-verification.ts(140,40): error TS2339: Property 'orderId' does not exist on type '{ orderId: number; userId?: number | undefined; totalAmountPaisa: number; itemCount: number; vendorIds: number[]; } | { orderId: number; amountPaisa: number; method: string; transactionId?: string | undefined; } | { ...; }'.
  Property 'orderId' does not exist on type '{ productId: number; quantity: number; availableStock: number; reservedStock: number; soldStock: number; }'.
server/services/event-delivery-verification.ts(140,63): error TS2339: Property 'productId' does not exist on type '{ orderId: number; userId?: number | undefined; totalAmountPaisa: number; itemCount: number; vendorIds: number[]; } | { orderId: number; amountPaisa: number; method: string; transactionId?: string | undefined; } | { ...; }'.
  Property 'productId' does not exist on type '{ orderId: number; userId?: number | undefined; totalAmountPaisa: number; itemCount: number; vendorIds: number[]; }'.
server/services/event-delivery-verification.ts(190,11): error TS2322: Type 'number | null' is not assignable to type 'number'.
  Type 'null' is not assignable to type 'number'.
server/services/event-delivery-verification.ts(199,11): error TS2322: Type '{ action: string; targetType: string; targetId: number | null; details: string; metadata: { originalEventId: number; retryCount: any; }; ipAddress: string; userAgent: string; districtId: number | null; }' is not assignable to type '(Without<AuditLogCreateInput, AuditLogUncheckedCreateInput> & AuditLogUncheckedCreateInput) | (Without<...> & AuditLogCreateInput)'.
  Type '{ action: string; targetType: string; targetId: number | null; details: string; metadata: { originalEventId: number; retryCount: any; }; ipAddress: string; userAgent: string; districtId: number | null; }' is not assignable to type 'Without<AuditLogUncheckedCreateInput, AuditLogCreateInput> & AuditLogCreateInput'.
    Type '{ action: string; targetType: string; targetId: number | null; details: string; metadata: { originalEventId: number; retryCount: any; }; ipAddress: string; userAgent: string; districtId: number | null; }' is missing the following properties from type 'AuditLogCreateInput': entityType, entityId
server/services/event-delivery-verification.ts(226,7): error TS2322: Type '{ action: string; targetType: string; targetId: any; details: string; metadata: { originalEventId: any; finalError: any; }; ipAddress: string; userAgent: string; districtId: any; }' is not assignable to type '(Without<AuditLogCreateInput, AuditLogUncheckedCreateInput> & AuditLogUncheckedCreateInput) | (Without<...> & AuditLogCreateInput)'.
  Type '{ action: string; targetType: string; targetId: any; details: string; metadata: { originalEventId: any; finalError: any; }; ipAddress: string; userAgent: string; districtId: any; }' is not assignable to type 'Without<AuditLogUncheckedCreateInput, AuditLogCreateInput> & AuditLogCreateInput'.
    Type '{ action: string; targetType: string; targetId: any; details: string; metadata: { originalEventId: any; finalError: any; }; ipAddress: string; userAgent: string; districtId: any; }' is missing the following properties from type 'AuditLogCreateInput': entityType, entityId
server/services/event-delivery-verification.ts(305,14): error TS2415: Class 'ReliableEventPublisher' incorrectly extends base class 'EventPublisher'.
  Types have separate declarations of a private property 'eventBus'.
server/services/execution-telemetry.service.ts(16,9): error TS2322: Type 'number | undefined' is not assignable to type 'number'.
  Type 'undefined' is not assignable to type 'number'.
server/services/execution-telemetry.service.ts(36,14): error TS18046: 'error' is of type 'unknown'.
server/services/execution-telemetry.service.ts(52,9): error TS2322: Type 'number | undefined' is not assignable to type 'number'.
  Type 'undefined' is not assignable to type 'number'.
server/services/execution-telemetry.service.ts(72,14): error TS18046: 'error' is of type 'unknown'.
server/services/execution-telemetry.service.ts(88,9): error TS2322: Type 'number | undefined' is not assignable to type 'number'.
  Type 'undefined' is not assignable to type 'number'.
server/services/execution-telemetry.service.ts(108,14): error TS18046: 'error' is of type 'unknown'.
server/services/execution-telemetry.service.ts(124,9): error TS2322: Type 'number | undefined' is not assignable to type 'number'.
  Type 'undefined' is not assignable to type 'number'.
server/services/execution-telemetry.service.ts(144,14): error TS18046: 'error' is of type 'unknown'.
server/services/fraud.behavior.ts(18,14): error TS2353: Object literal may only specify known properties, and 'vendorId' does not exist in type 'UserEventWhereInput'.
server/services/fraud.behavior.ts(22,24): error TS2353: Object literal may only specify known properties, and 'isRepeat' does not exist in type 'OrderWhereInput'.
server/services/fraud.behavior.ts(34,7): error TS2353: Object literal may only specify known properties, and 'vendorId' does not exist in type 'UserEventWhereInput'.
server/services/fraud.behavior.ts(42,57): error TS18048: 'g._count' is possibly 'undefined'.
server/services/fraud.behavior.ts(42,66): error TS2339: Property 'id' does not exist on type 'true | { id?: number | undefined; userId?: number | undefined; eventType?: number | undefined; action?: number | undefined; converted?: number | undefined; eventData?: number | undefined; ... 7 more ...; _all?: number | undefined; }'.
  Property 'id' does not exist on type 'true'.
server/services/fraud.detection.ts(10,31): error TS2304: Cannot find name 'prisma'.
server/services/fraud.detection.ts(20,43): error TS7006: Parameter 'sum' implicitly has an 'any' type.
server/services/fraud.detection.ts(20,48): error TS7006: Parameter 'r' implicitly has an 'any' type.
server/services/fraud.detection.ts(26,30): error TS2304: Cannot find name 'prisma'.
server/services/fraud.detection.ts(35,24): error TS7006: Parameter 'order' implicitly has an 'any' type.
server/services/fraud.detection.ts(44,47): error TS7006: Parameter 'r' implicitly has an 'any' type.
server/services/fraud.detection.ts(49,41): error TS7006: Parameter 'r' implicitly has an 'any' type.
server/services/fraud.detection.ts(50,43): error TS7006: Parameter 'hour' implicitly has an 'any' type.
server/services/fraud.detection.ts(55,41): error TS7006: Parameter 'r' implicitly has an 'any' type.
server/services/fraud.detection.ts(55,70): error TS7006: Parameter 'text' implicitly has an 'any' type.
server/services/fraud.detection.ts(62,26): error TS7006: Parameter 'r' implicitly has an 'any' type.
server/services/fraud.detection.ts(63,25): error TS7006: Parameter 'o' implicitly has an 'any' type.
server/services/fraud.detection.ts(82,9): error TS2304: Cannot find name 'prisma'.
server/services/fraud.detection.ts(91,25): error TS2304: Cannot find name 'prisma'.
server/services/fraud.pattern.ts(51,21): error TS2362: The left-hand side of an arithmetic operation must be of type 'any', 'number', 'bigint' or an enum type.
server/services/fraud.pattern.ts(51,34): error TS18047: 'p.confidence' is possibly 'null'.
server/services/fraud.pattern.ts(58,35): error TS18047: 'p.confidence' is possibly 'null'.
server/services/fraud.pattern.ts(74,9): error TS2322: Type 'number' is not assignable to type 'string'.
server/services/local.intelligence.profile.ts(346,20): error TS18047: 'e.type' is possibly 'null'.
server/services/observability-dashboard.ts(9,47): error TS2307: Cannot find module './financial-reconciliation-engine.js' or its corresponding type declarations.
server/services/observability-dashboard.ts(346,29): error TS2339: Property 'lastCleanup' does not exist on type '{ isRunning: boolean; lastCleanupTime?: Date | undefined; config: { reservationTimeoutMinutes: number; cleanupIntervalMinutes: number; maxRetries: number; batchSize: number; }; }'.
server/services/observability-dashboard.ts(492,9): error TS2322: Type '{ systemStatus: "CRITICAL" | "HEALTHY" | "WARNING"; activeAlerts: number; criticalAlerts: number; metrics: DashboardMetrics; }' is not assignable to type 'NullableJsonNullValueInput | InputJsonValue | undefined'.
  Types of property 'metrics' are incompatible.
    Type 'DashboardMetrics' is not assignable to type 'InputJsonValue | null | undefined'.
      Type 'DashboardMetrics' is not assignable to type 'InputJsonObject'.
        Index signature for type 'string' is missing in type 'DashboardMetrics'.
server/services/order.engine.ts(117,13): error TS2322: Type '{ productId: number; vendorId: number; quantity: number; unitPricePaisa: number; subtotalPaisa: number; commissionPaisa: number; }[]' is not assignable to type '(Without<SovereignOrderItemCreateWithoutOrderInput, SovereignOrderItemUncheckedCreateWithoutOrderInput> & SovereignOrderItemUncheckedCreateWithoutOrderInput) | (Without<...> & SovereignOrderItemCreateWithoutOrderInput) | SovereignOrderItemCreateWithoutOrderInput[] | SovereignOrderItemUncheckedCreateWithoutOrderInput...'.
  Type '{ productId: number; vendorId: number; quantity: number; unitPricePaisa: number; subtotalPaisa: number; commissionPaisa: number; }[]' is not assignable to type 'SovereignOrderItemCreateWithoutOrderInput[]'.
    Type '{ productId: number; vendorId: number; quantity: number; unitPricePaisa: number; subtotalPaisa: number; commissionPaisa: number; }' is missing the following properties from type 'SovereignOrderItemCreateWithoutOrderInput': totalPricePaisa, product
server/services/reservation-cleanup-worker.ts(171,9): error TS2322: Type '{ action: string; targetType: string; targetId: number; details: string; metadata: { totalProcessed: number; totalReleased: number; cleanupConfig: { reservationTimeoutMinutes: number; cleanupIntervalMinutes: number; maxRetries: number; batchSize: number; }; }; ipAddress: string; userAgent: string; districtId: number...' is not assignable to type '(Without<AuditLogCreateInput, AuditLogUncheckedCreateInput> & AuditLogUncheckedCreateInput) | (Without<...> & AuditLogCreateInput)'.
  Type '{ action: string; targetType: string; targetId: number; details: string; metadata: { totalProcessed: number; totalReleased: number; cleanupConfig: { reservationTimeoutMinutes: number; cleanupIntervalMinutes: number; maxRetries: number; batchSize: number; }; }; ipAddress: string; userAgent: string; districtId: number...' is not assignable to type 'Without<AuditLogUncheckedCreateInput, AuditLogCreateInput> & AuditLogCreateInput'.
    Type '{ action: string; targetType: string; targetId: number; details: string; metadata: { totalProcessed: number; totalReleased: number; cleanupConfig: { reservationTimeoutMinutes: number; cleanupIntervalMinutes: number; maxRetries: number; batchSize: number; }; }; ipAddress: string; userAgent: string; districtId: number...' is missing the following properties from type 'AuditLogCreateInput': entityType, entityId
server/services/reservation-cleanup-worker.ts(198,9): error TS2353: Object literal may only specify known properties, and 'districtId' does not exist in type 'ProductWhereInput'.
server/services/reservation-cleanup-worker.ts(232,7): error TS2322: Type '{ action: string; targetType: string; targetId: number; details: string; metadata: { releaseAmount: number; productId: number; districtId: number; }; ipAddress: string; userAgent: string; districtId: number; }' is not assignable to type '(Without<AuditLogCreateInput, AuditLogUncheckedCreateInput> & AuditLogUncheckedCreateInput) | (Without<...> & AuditLogCreateInput)'.
  Type '{ action: string; targetType: string; targetId: number; details: string; metadata: { releaseAmount: number; productId: number; districtId: number; }; ipAddress: string; userAgent: string; districtId: number; }' is not assignable to type 'Without<AuditLogUncheckedCreateInput, AuditLogCreateInput> & AuditLogCreateInput'.
    Type '{ action: string; targetType: string; targetId: number; details: string; metadata: { releaseAmount: number; productId: number; districtId: number; }; ipAddress: string; userAgent: string; districtId: number; }' is missing the following properties from type 'AuditLogCreateInput': entityType, entityId
server/services/reservation-cleanup-worker.ts(314,53): error TS18046: 'error' is of type 'unknown'.
server/services/searchUnified.service.ts(201,56): error TS2345: Argument of type '{ trustSignal: any; id: number; name: string; slug: string; category: string; districtId: number; trustScore: number; dsslScore?: number; finalScore?: number; rating?: number | null; avgRating?: number | null; isVerified?: boolean; description?: string | null; logo?: string | null; }' is not assignable to parameter of type 'ReasonTarget'.
  Property 'entityType' is missing in type '{ trustSignal: any; id: number; name: string; slug: string; category: string; districtId: number; trustScore: number; dsslScore?: number; finalScore?: number; rating?: number | null; avgRating?: number | null; isVerified?: boolean; description?: string | null; logo?: string | null; }' but required in type 'Pick<{ districtId: number; id: string | number; name: string; slug: string; isVerified: boolean; dsslScore: number; isTrending: boolean; isSponsored: boolean; entityType: EntityType; ... 19 more ...; waitTime?: string | ... 1 more ... | undefined; }, "category" | ... 3 more ... | "entityType">'.
server/services/searchUnified.service.ts(492,9): error TS2353: Object literal may only specify known properties, and 'isSponsored' does not exist in type 'VendorSelect<DefaultArgs>'.
server/services/searchUnified.service.ts(536,3): error TS2322: Type '({ id: any; name: any; slug: any; category: any; districtId: any; trustScore: any; dsslScore: any; rating: any; avgRating: any; isVerified: any; description: any; logo: any; finalScore: number; rank: number; insights: string[]; } | null)[]' is not assignable to type 'VendorResult[]'.
  Type '{ id: any; name: any; slug: any; category: any; districtId: any; trustScore: any; dsslScore: any; rating: any; avgRating: any; isVerified: any; description: any; logo: any; finalScore: number; rank: number; insights: string[]; } | null' is not assignable to type 'VendorResult'.
    Type 'null' is not assignable to type 'VendorResult'.
server/services/searchUnified.service.ts(558,37): error TS18047: 'b' is possibly 'null'.
server/services/searchUnified.service.ts(558,52): error TS18047: 'a' is possibly 'null'.
server/services/signal.engine.ts(12,24): error TS2304: Cannot find name 'prisma'.
server/services/signal.engine.ts(20,24): error TS2304: Cannot find name 'prisma'.
server/services/signal.engine.ts(33,23): error TS2304: Cannot find name 'prisma'.
server/services/signal.engine.ts(45,30): error TS2304: Cannot find name 'prisma'.
server/services/signal.engine.ts(58,28): error TS2304: Cannot find name 'prisma'.
server/services/signal.engine.ts(72,11): error TS2304: Cannot find name 'prisma'.
server/services/signal.engine.ts(89,26): error TS2304: Cannot find name 'prisma'.
server/services/signal.engine.ts(108,25): error TS2304: Cannot find name 'prisma'.
server/services/sovereign-brain/response-orchestrator.ts(11,64): error TS2554: Expected 1 arguments, but got 2.
server/services/sovereign.global.search.ts(48,66): error TS18047: 'district' is possibly 'null'.
server/services/sovereign.global.search.ts(50,23): error TS18047: 'district' is possibly 'null'.
server/services/sovereign.global.search.ts(51,25): error TS18047: 'district' is possibly 'null'.
server/services/sovereign.global.search.ts(53,21): error TS18047: 'district' is possibly 'null'.
server/services/sovereign.global.search.ts(54,54): error TS18047: 'district' is possibly 'null'.
server/services/sovereign.global.search.ts(55,52): error TS18047: 'district' is possibly 'null'.
server/services/sovereign.global.search.ts(67,19): error TS2339: Property 'distanceScore' does not exist on type '{ districtId: number; districtName: string; results: IntentMatch[]; distance: number; transportCost: number; deliveryTime: string; }'.
server/services/sovereign.global.search.ts(67,37): error TS2339: Property 'matchScore' does not exist on type '{ districtId: number; districtName: string; results: IntentMatch[]; distance: number; transportCost: number; deliveryTime: string; }'.
server/services/sovereign.global.search.ts(67,54): error TS2339: Property 'distanceScore' does not exist on type '{ districtId: number; districtName: string; results: IntentMatch[]; distance: number; transportCost: number; deliveryTime: string; }'.
server/services/sovereign.global.search.ts(67,72): error TS2339: Property 'matchScore' does not exist on type '{ districtId: number; districtName: string; results: IntentMatch[]; distance: number; transportCost: number; deliveryTime: string; }'.
server/services/sovereign.global.search.ts(113,11): error TS2322: Type 'string' is not assignable to type 'number'.
server/services/sovereign.global.search.ts(226,59): error TS7006: Parameter 'keyword' implicitly has an 'any' type.
server/services/system.health.ts(21,7): error TS2322: Type '{ key: string; }' is not assignable to type 'SystemLockWhereUniqueInput'.
  Type '{ key: string; }' is not assignable to type '{ id: string | number; lockKey: string | number; } & { id?: number | undefined; lockKey?: string | undefined; AND?: SystemLockWhereInput | SystemLockWhereInput[] | undefined; ... 8 more ...; createdAt?: string | ... 2 more ... | undefined; }'.
    Type '{ key: string; }' is missing the following properties from type '{ id: string | number; lockKey: string | number; }': id, lockKey
server/services/system.health.ts(24,9): error TS2353: Object literal may only specify known properties, and 'lockedAt' does not exist in type '(Without<SystemLockUpdateInput, SystemLockUncheckedUpdateInput> & SystemLockUncheckedUpdateInput) | (Without<...> & SystemLockUpdateInput)'.
server/services/system.health.ts(30,9): error TS2353: Object literal may only specify known properties, and 'lockedAt' does not exist in type '(Without<SystemLockCreateInput, SystemLockUncheckedCreateInput> & SystemLockUncheckedCreateInput) | (Without<...> & SystemLockCreateInput)'.
server/services/system.health.ts(40,7): error TS2322: Type '{ key: string; }' is not assignable to type 'SystemLockWhereUniqueInput'.
  Type '{ key: string; }' is not assignable to type '{ id: string | number; lockKey: string | number; } & { id?: number | undefined; lockKey?: string | undefined; AND?: SystemLockWhereInput | SystemLockWhereInput[] | undefined; ... 8 more ...; createdAt?: string | ... 2 more ... | undefined; }'.
    Type '{ key: string; }' is missing the following properties from type '{ id: string | number; lockKey: string | number; }': id, lockKey
server/services/system.health.ts(43,9): error TS2353: Object literal may only specify known properties, and 'lockedAt' does not exist in type '(Without<SystemLockUpdateInput, SystemLockUncheckedUpdateInput> & SystemLockUncheckedUpdateInput) | (Without<...> & SystemLockUpdateInput)'.
server/services/system.health.ts(49,9): error TS2353: Object literal may only specify known properties, and 'lockedAt' does not exist in type '(Without<SystemLockCreateInput, SystemLockUncheckedCreateInput> & SystemLockUncheckedCreateInput) | (Without<...> & SystemLockCreateInput)'.
server/services/system.health.ts(62,7): error TS2353: Object literal may only specify known properties, and 'score' does not exist in type 'FraudHistoryWhereInput'.
server/services/system.health.ts(110,7): error TS2353: Object literal may only specify known properties, and 'riskScore' does not exist in type 'UserIntelligenceWhereInput'.
server/services/system.health.ts(114,35): error TS2353: Object literal may only specify known properties, and 'email' does not exist in type 'UserSelect<DefaultArgs>'.
server/services/system.health.ts(117,16): error TS2353: Object literal may only specify known properties, and 'riskScore' does not exist in type 'UserIntelligenceOrderByWithRelationInput | UserIntelligenceOrderByWithRelationInput[]'.
server/services/system.health.ts(123,21): error TS2339: Property 'user' does not exist on type '{ userId: number; id: number; updatedAt: Date; intelligenceData: JsonValue; }'.
server/services/system.health.ts(124,22): error TS2339: Property 'riskScore' does not exist on type '{ userId: number; id: number; updatedAt: Date; intelligenceData: JsonValue; }'.
server/services/system.health.ts(125,23): error TS2339: Property 'trustScore' does not exist on type '{ userId: number; id: number; updatedAt: Date; intelligenceData: JsonValue; }'.
server/services/system.health.ts(126,23): error TS2339: Property 'user' does not exist on type '{ userId: number; id: number; updatedAt: Date; intelligenceData: JsonValue; }'.
server/services/system.health.ts(127,21): error TS2339: Property 'riskScore' does not exist on type '{ userId: number; id: number; updatedAt: Date; intelligenceData: JsonValue; }'.
server/services/system.health.ts(128,21): error TS2339: Property 'riskScore' does not exist on type '{ userId: number; id: number; updatedAt: Date; intelligenceData: JsonValue; }'.
server/services/system.health.ts(129,21): error TS2339: Property 'riskScore' does not exist on type '{ userId: number; id: number; updatedAt: Date; intelligenceData: JsonValue; }'.
server/services/system.health.ts(130,17): error TS2339: Property 'meta' does not exist on type '{ userId: number; id: number; updatedAt: Date; intelligenceData: JsonValue; }'.
server/services/system.health.ts(171,7): error TS2353: Object literal may only specify known properties, and 'targetId' does not exist in type 'Without<AdminLogCreateInput, AdminLogUncheckedCreateInput> & AdminLogUncheckedCreateInput'.
server/services/system.health.ts(190,59): error TS2339: Property 'riskScore' does not exist on type '{ userId: number; id: number; updatedAt: Date; intelligenceData: JsonValue; }'.
server/services/system.health.ts(195,9): error TS2353: Object literal may only specify known properties, and 'riskScore' does not exist in type '(Without<UserIntelligenceUpdateInput, UserIntelligenceUncheckedUpdateInput> & UserIntelligenceUncheckedUpdateInput) | (Without<...> & UserIntelligenceUpdateInput)'.
server/services/system.health.ts(197,21): error TS2339: Property 'meta' does not exist on type '{ userId: number; id: number; updatedAt: Date; intelligenceData: JsonValue; }'.
server/services/telemetry.service.ts(131,11): error TS2353: Object literal may only specify known properties, and 'userId' does not exist in type '(Without<TelemetryTruthCreateInput, TelemetryTruthUncheckedCreateInput> & TelemetryTruthUncheckedCreateInput) | (Without<...> & TelemetryTruthCreateInput)'.
server/services/telemetry.service.ts(175,9): error TS2353: Object literal may only specify known properties, and 'resultsCount' does not exist in type '{ districtId: number; query: string; domain?: string | undefined; entity?: string | undefined; intent?: string | undefined; normalizedIntent?: string | undefined; confidence?: number | undefined; matchedEntities?: number | undefined; }'.
server/services/telemetry.service.ts(194,13): error TS2353: Object literal may only specify known properties, and 'userId' does not exist in type '{ districtId: number; partnerType: string; partnerId: number; interactionType: string; value?: number | undefined; context?: any; }'.
server/services/telemetry.service.ts(216,11): error TS2353: Object literal may only specify known properties, and 'meta' does not exist in type '(Without<UserEventCreateInput, UserEventUncheckedCreateInput> & UserEventUncheckedCreateInput) | (Without<...> & UserEventCreateInput)'.
server/services/telemetry.service.ts(280,28): error TS2339: Property 'updateQueryMetrics' does not exist on type 'DistrictMemoryLayer'.
server/services/user.intelligence.ts(8,15): error TS2353: Object literal may only specify known properties, and 'riskScore' does not exist in type 'UserIntelligenceSelect<DefaultArgs>'.
server/services/user.intelligence.ts(10,17): error TS2339: Property 'riskScore' does not exist on type '{ userId: number; id: number; updatedAt: Date; intelligenceData: JsonValue; }'.
server/services/user.intelligence.ts(22,13): error TS2353: Object literal may only specify known properties, and 'trustScore' does not exist in type 'UserIntelligenceAvgAggregateInputType'.
server/services/user.intelligence.ts(24,10): error TS18048: 'result._avg' is possibly 'undefined'.
server/services/user.intelligence.ts(24,22): error TS2339: Property 'trustScore' does not exist on type '{ id?: number | null | undefined; userId?: number | null | undefined; }'.
server/services/user.intelligence.ts(87,80): error TS2339: Property 'score' does not exist on type '{ userId: number | null; id: number; createdAt: Date; vendorId: number | null; details: JsonValue; eventType: string; riskScore: number; }'.
server/services/user.intelligence.ts(88,77): error TS2339: Property 'score' does not exist on type '{ userId: number | null; id: number; createdAt: Date; vendorId: number | null; details: JsonValue; eventType: string; riskScore: number; }'.
server/services/user.intelligence.ts(119,57): error TS2339: Property 'trustScore' does not exist on type '{ userId: number; id: number; updatedAt: Date; intelligenceData: JsonValue; }'.
server/services/user.intelligence.ts(126,44): error TS2339: Property 'deviceCount' does not exist on type '{ userId: number; id: number; updatedAt: Date; intelligenceData: JsonValue; }'.
server/services/user.intelligence.ts(218,15): error TS2353: Object literal may only specify known properties, and 'score' does not exist in type 'FraudHistorySelect<DefaultArgs>'.
server/services/user.intelligence.ts(259,7): error TS2353: Object literal may only specify known properties, and 'trustScore' does not exist in type '(Without<UserIntelligenceUpdateInput, UserIntelligenceUncheckedUpdateInput> & UserIntelligenceUncheckedUpdateInput) | (Without<...> & UserIntelligenceUpdateInput)'.
server/services/user.intelligence.ts(271,7): error TS2353: Object literal may only specify known properties, and 'trustScore' does not exist in type 'Without<UserIntelligenceCreateInput, UserIntelligenceUncheckedCreateInput> & UserIntelligenceUncheckedCreateInput'.
server/services/webhookHandler.ts(1,38): error TS2305: Module '"../repositories"' has no exported member 'withTransaction'.
server/services/webhookHandler.ts(110,34): error TS7006: Parameter 'tx' implicitly has an 'any' type.
server/services/webhookHandler.ts(156,34): error TS7006: Parameter 'tx' implicitly has an 'any' type.
server/services/webhookHandler.ts(193,34): error TS7006: Parameter 'tx' implicitly has an 'any' type.
server/shared/cognition/entity-search-indexing.ts(80,7): error TS2353: Object literal may only specify known properties, and 'type' does not exist in type 'VendorSelect<DefaultArgs>'.
server/shared/cognition/entity-search-indexing.ts(91,44): error TS2345: Argument of type '{ userId: number | null; districtId: number | null; category: string | null; id: number; createdAt: Date; updatedAt: Date; name: string; slug: string; description: string | null; ... 33 more ...; whatsappNotifications: boolean; }' is not assignable to parameter of type '{ name: string; category: string; businessType?: string | undefined; type?: string | undefined; description?: string | undefined; address?: string | undefined; locality?: string | undefined; landmark?: string | undefined; districtId?: number | undefined; }'.
  Types of property 'category' are incompatible.
    Type 'string | null' is not assignable to type 'string'.
      Type 'null' is not assignable to type 'string'.
server/shared/cognition/entity-search-indexing.ts(112,7): error TS2561: Object literal may only specify known properties, but 'subCategory' does not exist in type 'ProductSelect<DefaultArgs>'. Did you mean to write 'category'?
server/shared/cognition/entity-search-indexing.ts(122,45): error TS2345: Argument of type '{ id: number; createdAt: Date; vendorId: number; description: string | null; imageUrl: string | null; aiAdCopy: string | null; aiDescription: string | null; isTrending: boolean; ... 12 more ...; soldStock: number; }' is not assignable to parameter of type '{ title: string; category: string; subCategory?: string | undefined; description?: string | undefined; tags?: string[] | undefined; semanticKeywords?: string[] | undefined; attributes?: any; }'.
  Property 'category' is missing in type '{ id: number; createdAt: Date; vendorId: number; description: string | null; imageUrl: string | null; aiAdCopy: string | null; aiDescription: string | null; isTrending: boolean; ... 12 more ...; soldStock: number; }' but required in type '{ title: string; category: string; subCategory?: string | undefined; description?: string | undefined; tags?: string[] | undefined; semanticKeywords?: string[] | undefined; attributes?: any; }'.
server/shared/cognition/entity-search-indexing.ts(126,13): error TS2353: Object literal may only specify known properties, and 'searchText' does not exist in type '(Without<ProductUpdateInput, ProductUncheckedUpdateInput> & ProductUncheckedUpdateInput) | (Without<...> & ProductUpdateInput)'.
server/shared/cognition/entity-search-indexing.ts(146,7): error TS2353: Object literal may only specify known properties, and 'type' does not exist in type 'VendorSelect<DefaultArgs>'.
server/shared/cognition/entity-search-indexing.ts(157,48): error TS2345: Argument of type '{ userId: number | null; districtId: number | null; category: string | null; id: number; createdAt: Date; updatedAt: Date; name: string; slug: string; description: string | null; ... 33 more ...; whatsappNotifications: boolean; }' is not assignable to parameter of type '{ name: string; category: string; businessType?: string | undefined; type?: string | undefined; description?: string | undefined; address?: string | undefined; locality?: string | undefined; landmark?: string | undefined; districtId?: number | undefined; }'.
  Types of property 'category' are incompatible.
    Type 'string | null' is not assignable to type 'string'.
      Type 'null' is not assignable to type 'string'.
server/shared/cognition/entity-search-indexing.ts(175,7): error TS2561: Object literal may only specify known properties, but 'subCategory' does not exist in type 'ProductSelect<DefaultArgs>'. Did you mean to write 'category'?
server/shared/cognition/entity-search-indexing.ts(185,49): error TS2345: Argument of type '{ id: number; createdAt: Date; vendorId: number; description: string | null; imageUrl: string | null; aiAdCopy: string | null; aiDescription: string | null; isTrending: boolean; ... 12 more ...; soldStock: number; }' is not assignable to parameter of type '{ title: string; category: string; subCategory?: string | undefined; description?: string | undefined; tags?: string[] | undefined; semanticKeywords?: string[] | undefined; attributes?: any; }'.
  Property 'category' is missing in type '{ id: number; createdAt: Date; vendorId: number; description: string | null; imageUrl: string | null; aiAdCopy: string | null; aiDescription: string | null; isTrending: boolean; ... 12 more ...; soldStock: number; }' but required in type '{ title: string; category: string; subCategory?: string | undefined; description?: string | undefined; tags?: string[] | undefined; semanticKeywords?: string[] | undefined; attributes?: any; }'.
server/shared/cognition/entity-search-indexing.ts(188,17): error TS2353: Object literal may only specify known properties, and 'searchText' does not exist in type '(Without<ProductUpdateInput, ProductUncheckedUpdateInput> & ProductUncheckedUpdateInput) | (Without<...> & ProductUpdateInput)'.
server/shared/discovery-gateway.ts(42,9): error TS2322: Type '{ action: string; details: string; }' is not assignable to type '(Without<AuditLogCreateInput, AuditLogUncheckedCreateInput> & AuditLogUncheckedCreateInput) | (Without<...> & AuditLogCreateInput)'.
  Type '{ action: string; details: string; }' is not assignable to type 'Without<AuditLogUncheckedCreateInput, AuditLogCreateInput> & AuditLogCreateInput'.
    Type '{ action: string; details: string; }' is missing the following properties from type 'AuditLogCreateInput': entityType, entityId
server/shared/discovery-gateway.ts(280,5): error TS2322: Type 'string | number | true | JsonObject | JsonArray | undefined' is not assignable to type 'string[] | undefined'.
  Type 'string' is not assignable to type 'string[]'.
server/shared/discovery-gateway.ts(285,5): error TS2322: Type 'string | number | true | JsonObject | JsonArray | undefined' is not assignable to type 'string[] | undefined'.
  Type 'string' is not assignable to type 'string[]'.
server/tests/cognition-governance.test.ts(4,50): error TS2307: Cannot find module '@jest/globals' or its corresponding type declarations.
server/tests/cognition-governance.test.ts(9,8): error TS2307: Cannot find module '../runtime-state' or its corresponding type declarations.
server/tests/cognition-governance.test.ts(15,8): error TS2307: Cannot find module '../runtime-orchestrator' or its corresponding type declarations.
server/tests/cognition-governance.test.ts(16,43): error TS2307: Cannot find module '../response-finalizer' or its corresponding type declarations.
server/tests/cognition-governance.test.ts(78,65): error TS7006: Parameter 's' implicitly has an 'any' type.
server/tests/cognition-governance.test.ts(168,15): error TS2708: Cannot use namespace 'jest' as a value.
server/tests/cognition-governance.test.ts(183,17): error TS2708: Cannot use namespace 'jest' as a value.
server/tests/cognition-governance.test.ts(184,15): error TS2708: Cannot use namespace 'jest' as a value.
server/tests/cognition-governance.test.ts(207,15): error TS2708: Cannot use namespace 'jest' as a value.
